Archive member included to satisfy reference by file (symbol)

I:/ESP32/msys32/esp/hello_world/build/cxx\libcxx.a(cxx_exception_stubs.o)
                              (__cxx_fatal_exception)
I:/ESP32/msys32/esp/hello_world/build/cxx\libcxx.a(cxx_guards.o)
                              (__cxa_guard_dummy)
I:/ESP32/msys32/esp/hello_world/build/esp32\libesp32.a(cpu_start.o)
                              (call_start_cpu0)
I:/ESP32/msys32/esp/hello_world/build/esp32\libesp32.a(dbg_stubs.o)
                              I:/ESP32/msys32/esp/hello_world/build/esp32\libesp32.a(cpu_start.o) (esp_dbg_stubs_init)
I:/ESP32/msys32/esp/hello_world/build/esp32\libesp32.a(task_wdt.o)
                              I:/ESP32/msys32/esp/hello_world/build/esp32\libesp32.a(cpu_start.o) (esp_task_wdt_init)
I:/ESP32/msys32/esp/hello_world/build/esp32\libesp32.a(reset_reason.o)
                              I:/ESP32/msys32/esp/hello_world/build/esp32\libesp32.a(task_wdt.o) (esp_reset_reason_set_hint)
I:/ESP32/msys32/esp/hello_world/build/esp32\libesp32.a(panic.o)
                              I:/ESP32/msys32/esp/hello_world/build/cxx\libcxx.a(cxx_exception_stubs.o) (abort)
I:/ESP32/msys32/esp/hello_world/build/esp32\libesp32.a(dport_panic_highint_hdl.o)
                              (ld_include_panic_highint_hdl)
I:/ESP32/msys32/esp/hello_world/build/esp32\libesp32.a(int_wdt.o)
                              I:/ESP32/msys32/esp/hello_world/build/esp32\libesp32.a(dport_panic_highint_hdl.o) (int_wdt_app_cpu_ticked)
I:/ESP32/msys32/esp/hello_world/build/esp32\libesp32.a(brownout.o)
                              I:/ESP32/msys32/esp/hello_world/build/esp32\libesp32.a(cpu_start.o) (esp_brownout_init)
I:/ESP32/msys32/esp/hello_world/build/esp32\libesp32.a(system_api.o)
                              I:/ESP32/msys32/esp/hello_world/build/esp32\libesp32.a(panic.o) (esp_restart_noos)
I:/ESP32/msys32/esp/hello_world/build/esp32\libesp32.a(dport_access.o)
                              I:/ESP32/msys32/esp/hello_world/build/esp32\libesp32.a(dport_panic_highint_hdl.o) (dport_access_start)
I:/ESP32/msys32/esp/hello_world/build/esp32\libesp32.a(esp_timer.o)
                              I:/ESP32/msys32/esp/hello_world/build/esp32\libesp32.a(cpu_start.o) (esp_timer_init)
I:/ESP32/msys32/esp/hello_world/build/esp32\libesp32.a(esp_err_to_name.o)
                              I:/ESP32/msys32/esp/hello_world/build/esp32\libesp32.a(panic.o) (esp_err_to_name)
I:/ESP32/msys32/esp/hello_world/build/esp32\libesp32.a(intr_alloc.o)
                              I:/ESP32/msys32/esp/hello_world/build/esp32\libesp32.a(task_wdt.o) (esp_intr_alloc)
I:/ESP32/msys32/esp/hello_world/build/esp32\libesp32.a(ipc.o)
                              I:/ESP32/msys32/esp/hello_world/build/esp32\libesp32.a(cpu_start.o) (esp_ipc_init)
I:/ESP32/msys32/esp/hello_world/build/esp32\libesp32.a(cache_err_int.o)
                              I:/ESP32/msys32/esp/hello_world/build/esp32\libesp32.a(cpu_start.o) (esp_cache_err_int_init)
I:/ESP32/msys32/esp/hello_world/build/esp32\libesp32.a(freertos_hooks.o)
                              I:/ESP32/msys32/esp/hello_world/build/esp32\libesp32.a(task_wdt.o) (esp_register_freertos_idle_hook_for_cpu)
I:/ESP32/msys32/esp/hello_world/build/esp32\libesp32.a(clk.o)
                              I:/ESP32/msys32/esp/hello_world/build/esp32\libesp32.a(cpu_start.o) (esp_clk_init)
I:/ESP32/msys32/esp/hello_world/build/esp32\libesp32.a(esp_timer_esp32.o)
                              I:/ESP32/msys32/esp/hello_world/build/esp32\libesp32.a(esp_timer.o) (esp_timer_impl_get_time)
I:/ESP32/msys32/esp/hello_world/build/esp32\libesp32.a(crosscore_int.o)
                              I:/ESP32/msys32/esp/hello_world/build/esp32\libesp32.a(cpu_start.o) (esp_crosscore_int_init)
I:/ESP32/msys32/esp/hello_world/build/esp32\libesp32.a(pm_esp32.o)
                              I:/ESP32/msys32/esp/hello_world/build/esp32\libesp32.a(freertos_hooks.o) (esp_pm_impl_waiti)
I:/ESP32/msys32/esp/hello_world/build/esp32\libesp32.a(pm_locks.o)
                              I:/ESP32/msys32/esp/hello_world/build/esp32\libesp32.a(pm_esp32.o) (esp_pm_lock_create)
I:/ESP32/msys32/esp-idf/components/esp32/libhal.a(int_asm--set_intclear.o)
                              I:/ESP32/msys32/esp/hello_world/build/esp32\libesp32.a(intr_alloc.o) (xthal_set_intclear)
I:/ESP32/msys32/esp/hello_world/build/freertos\libfreertos.a(FreeRTOS-openocd.o)
                              (uxTopUsedPriority)
I:/ESP32/msys32/esp/hello_world/build/freertos\libfreertos.a(tasks.o)
                              I:/ESP32/msys32/esp/hello_world/build/esp32\libesp32.a(system_api.o) (vTaskSuspendAll)
I:/ESP32/msys32/esp/hello_world/build/freertos\libfreertos.a(port.o)
                              I:/ESP32/msys32/esp/hello_world/build/freertos\libfreertos.a(tasks.o) (pxPortInitialiseStack)
I:/ESP32/msys32/esp/hello_world/build/freertos\libfreertos.a(xtensa_init.o)
[...]
Memory Configuration

Name             Origin             Length             Attributes
iram0_0_seg      0x40080000         0x00020000         xr
iram0_2_seg      0x400d0018         0x0032ffe8         xr
dram0_0_seg      0x3ffb0000         0x0002c200         rw
drom0_0_seg      0x3f400018         0x003fffe8         r
rtc_iram_seg     0x400c0000         0x00002000         xrw
rtc_data_seg     0x3ff80000         0x00002000         rw
rtc_slow_seg     0x50000000         0x00001000         rw
extern_ram_seg   0x3f800000         0x00400000         xrw
*default*        0x00000000         0xffffffff

Linker script and memory map

START GROUP
LOAD I:/ESP32/msys32/esp/hello_world/build/app_trace\libapp_trace.a
LOAD I:/ESP32/msys32/esp/hello_world/build/app_update\libapp_update.a
LOAD I:/ESP32/msys32/esp/hello_world/build/asio\libasio.a
LOAD I:/ESP32/msys32/esp/hello_world/build/bootloader_support\libbootloader_support.a
LOAD I:/ESP32/msys32/esp/hello_world/build/bt\libbt.a
LOAD I:/ESP32/msys32/esp/hello_world/build/coap\libcoap.a
LOAD I:/ESP32/msys32/esp/hello_world/build/console\libconsole.a
LOAD I:/ESP32/msys32/esp/hello_world/build/cxx\libcxx.a
LOAD I:/ESP32/msys32/esp/hello_world/build/driver\libdriver.a
LOAD I:/ESP32/msys32/esp/hello_world/build/esp-tls\libesp-tls.a
LOAD I:/ESP32/msys32/esp/hello_world/build/esp32\libesp32.a
LOAD I:/ESP32/msys32/esp-idf/components/esp32/libhal.a
LOAD I:/ESP32/msys32/esp-idf/components/esp32/lib\libcore.a
LOAD I:/ESP32/msys32/esp-idf/components/esp32/lib\librtc.a
LOAD I:/ESP32/msys32/esp-idf/components/esp32/lib\libnet80211.a
LOAD I:/ESP32/msys32/esp-idf/components/esp32/lib\libpp.a
LOAD I:/ESP32/msys32/esp-idf/components/esp32/lib\libwpa.a
LOAD I:/ESP32/msys32/esp-idf/components/esp32/lib\libsmartconfig.a
LOAD I:/ESP32/msys32/esp-idf/components/esp32/lib\libcoexist.a
LOAD I:/ESP32/msys32/esp-idf/components/esp32/lib\libwps.a
LOAD I:/ESP32/msys32/esp-idf/components/esp32/lib\libwpa2.a
LOAD I:/ESP32/msys32/esp-idf/components/esp32/lib\libespnow.a
LOAD I:/ESP32/msys32/esp-idf/components/esp32/lib\libphy.a
LOAD I:/ESP32/msys32/esp-idf/components/esp32/lib\libmesh.a
LOAD I:/ESP32/msys32/esp/hello_world/build/esp_adc_cal\libesp_adc_cal.a
LOAD I:/ESP32/msys32/esp/hello_world/build/esp_event\libesp_event.a
LOAD I:/ESP32/msys32/esp/hello_world/build/esp_http_client\libesp_http_client.a
LOAD I:/ESP32/msys32/esp/hello_world/build/esp_http_server\libesp_http_server.a
LOAD I:/ESP32/msys32/esp/hello_world/build/esp_https_ota\libesp_https_ota.a
LOAD I:/ESP32/msys32/esp/hello_world/build/esp_ringbuf\libesp_ringbuf.a
LOAD I:/ESP32/msys32/esp/hello_world/build/ethernet\libethernet.a
LOAD I:/ESP32/msys32/esp/hello_world/build/expat\libexpat.a
LOAD I:/ESP32/msys32/esp/hello_world/build/fatfs\libfatfs.a
LOAD I:/ESP32/msys32/esp/hello_world/build/freemodbus\libfreemodbus.a
LOAD I:/ESP32/msys32/esp/hello_world/build/freertos\libfreertos.a
LOAD I:/ESP32/msys32/esp/hello_world/build/heap\libheap.a
LOAD I:/ESP32/msys32/esp/hello_world/build/idf_test\libidf_test.a
LOAD I:/ESP32/msys32/esp/hello_world/build/jsmn\libjsmn.a
LOAD I:/ESP32/msys32/esp/hello_world/build/json\libjson.a
LOAD I:/ESP32/msys32/esp/hello_world/build/libsodium\liblibsodium.a
LOAD I:/ESP32/msys32/esp/hello_world/build/log\liblog.a
LOAD I:/ESP32/msys32/esp/hello_world/build/lwip\liblwip.a
LOAD I:/ESP32/msys32/esp/hello_world/build/main\libmain.a
LOAD I:/ESP32/msys32/esp/hello_world/build/mbedtls\libmbedtls.a
LOAD I:/ESP32/msys32/esp/hello_world/build/mdns\libmdns.a
LOAD I:/ESP32/msys32/esp/hello_world/build/micro-ecc\libmicro-ecc.a
LOAD I:/ESP32/msys32/esp/hello_world/build/mqtt\libmqtt.a
LOAD I:/ESP32/msys32/esp-idf/components/newlib/lib/libc.a
LOAD I:/ESP32/msys32/esp-idf/components/newlib/lib/libm.a
LOAD I:/ESP32/msys32/esp/hello_world/build/newlib\libnewlib.a
LOAD I:/ESP32/msys32/esp/hello_world/build/nghttp\libnghttp.a
LOAD I:/ESP32/msys32/esp/hello_world/build/nvs_flash\libnvs_flash.a
LOAD I:/ESP32/msys32/esp/hello_world/build/openssl\libopenssl.a
LOAD I:/ESP32/msys32/esp/hello_world/build/protobuf-c\libprotobuf-c.a
LOAD I:/ESP32/msys32/esp/hello_world/build/protocomm\libprotocomm.a
LOAD I:/ESP32/msys32/esp/hello_world/build/pthread\libpthread.a
LOAD I:/ESP32/msys32/esp/hello_world/build/sdmmc\libsdmmc.a
LOAD I:/ESP32/msys32/esp/hello_world/build/smartconfig_ack\libsmartconfig_ack.a
LOAD I:/ESP32/msys32/esp/hello_world/build/soc\libsoc.a
LOAD I:/ESP32/msys32/esp/hello_world/build/spi_flash\libspi_flash.a
LOAD I:/ESP32/msys32/esp/hello_world/build/spiffs\libspiffs.a
LOAD I:/ESP32/msys32/esp/hello_world/build/tcp_transport\libtcp_transport.a
LOAD I:/ESP32/msys32/esp/hello_world/build/tcpip_adapter\libtcpip_adapter.a
LOAD I:/ESP32/msys32/esp/hello_world/build/ulp\libulp.a
LOAD I:/ESP32/msys32/esp/hello_world/build/vfs\libvfs.a
LOAD I:/ESP32/msys32/esp/hello_world/build/wear_levelling\libwear_levelling.a
LOAD I:/ESP32/msys32/esp/hello_world/build/wifi_provisioning\libwifi_provisioning.a
LOAD I:/ESP32/msys32/esp/hello_world/build/wpa_supplicant\libwpa_supplicant.a
LOAD I:/ESP32/msys32/esp/hello_world/build/xtensa-debug-module\libxtensa-debug-module.a
LOAD i:/esp32/msys32/opt/xtensa-esp32-elf/bin/../lib/gcc/xtensa-esp32-elf/5.2.0\libgcc.a
LOAD i:/esp32/msys32/opt/xtensa-esp32-elf/bin/../lib/gcc/xtensa-esp32-elf/5.2.0/../../../../xtensa-esp32-elf/lib\libstdc++.a
LOAD i:/esp32/msys32/opt/xtensa-esp32-elf/bin/../lib/gcc/xtensa-esp32-elf/5.2.0\libgcov.a
END GROUP
                0x40000000                _heap_end = 0x40000000
                0x3ff80000                _data_seg_org = ORIGIN (rtc_data_seg)

.rtc.text       0x400c0000        0x0
                0x400c0000                . = ALIGN (0x4)
 *(.rtc.literal .rtc.text)
 *rtc_wake_stub*.*(.literal .text .literal.* .text.*)
                0x400c0000                _rtc_text_end = ABSOLUTE (.)

.rtc.dummy      0x3ff80000        0x0
                0x3ff80000                _rtc_dummy_start = ABSOLUTE (.)
                0x3ff80000                _rtc_fast_start = ABSOLUTE (.)
                0x00000000                . = SIZEOF (.rtc.text)
                0x00000000                _rtc_dummy_end = ABSOLUTE (.)

.rtc.force_fast
                0x3ff80000        0x0
                0x3ff80000                . = ALIGN (0x4)
                0x3ff80000                _rtc_force_fast_start = ABSOLUTE (.)
 *(.rtc.force_fast .rtc.force_fast.*)
                0x3ff80000                . = ALIGN (0x4)
                0x3ff80000                _rtc_force_fast_end = ABSOLUTE (.)

.rtc.data       0x50000000        0x0
                0x50000000                _rtc_data_start = ABSOLUTE (.)
 *(.rtc.data)
 *(.rtc.rodata)
 *rtc_wake_stub*.*(.data .rodata .data.* .rodata.* .bss .bss.*)
                0x50000000                _rtc_data_end = ABSOLUTE (.)

.rtc.bss        0x50000000        0x0
                0x50000000                _rtc_bss_start = ABSOLUTE (.)
 *rtc_wake_stub*.*(.bss .bss.*)
 *rtc_wake_stub*.*(COMMON)
 *(.rtc.bss)
                0x50000000                _rtc_bss_end = ABSOLUTE (.)

.rtc_noinit     0x50000000        0x0
                0x50000000                . = ALIGN (0x4)
                0x50000000                _rtc_noinit_start = ABSOLUTE (.)
 *(.rtc_noinit .rtc_noinit.*)
                0x50000000                . = ALIGN (0x4)
                0x50000000                _rtc_noinit_end = ABSOLUTE (.)

.rtc.force_slow
                0x50000000        0x0
                0x50000000                . = ALIGN (0x4)
                0x50000000                _rtc_force_slow_start = ABSOLUTE (.)
 *(.rtc.force_slow .rtc.force_slow.*)
                0x50000000                . = ALIGN (0x4)
                0x50000000                _rtc_force_slow_end = ABSOLUTE (.)
                0x00000000                _rtc_slow_length = (ORIGIN (rtc_slow_seg) == ORIGIN (rtc_data_location))?(_rtc_force_slow_end - _rtc_data_start):(_rtc_force_slow_end - _rtc_force_slow_start)
                0x00000000                _rtc_fast_length = (ORIGIN (rtc_slow_seg) == ORIGIN (rtc_data_location))?(_rtc_force_fast_end - _rtc_fast_start):(_rtc_noinit_end - _rtc_fast_start)
                0x00000001                ASSERT ((_rtc_slow_length <= 0x1000), RTC_SLOW segment data does not fit.)
                0x00000001                ASSERT ((_rtc_fast_length <= 0x2000), RTC_FAST segment data does not fit.)

.iram0.vectors  0x40080000      0x400
                0x40080000                _iram_start = ABSOLUTE (.)
                0x40080000                _init_start = ABSOLUTE (.)
                0x00000000                . = 0x0
 *(.WindowVectors.text)
 .WindowVectors.text
                0x40080000      0x16a I:/ESP32/msys32/esp/hello_world/build/freertos\libfreertos.a(xtensa_vectors.o)
                0x40080000                _WindowOverflow4
                0x40080040                _WindowUnderflow4
                0x40080050                _xt_alloca_exc
                0x40080080                _WindowOverflow8
                0x400800c0                _WindowUnderflow8
                0x40080100                _WindowOverflow12
                0x40080140                _WindowUnderflow12
                0x00000180                . = 0x180
 *fill*         0x4008016a       0x16 
 *(.Level2InterruptVector.text)
 .Level2InterruptVector.text
                0x40080180        0x6 I:/ESP32/msys32/esp/hello_world/build/freertos\libfreertos.a(xtensa_vectors.o)
                0x40080180                _Level2Vector
                0x000001c0                . = 0x1c0
 *fill*         0x40080186       0x3a 
 *(.Level3InterruptVector.text)
 .Level3InterruptVector.text
                0x400801c0        0x6 I:/ESP32/msys32/esp/hello_world/build/freertos\libfreertos.a(xtensa_vectors.o)
                0x400801c0                _Level3Vector
                0x00000200                . = 0x200
 *fill*         0x400801c6       0x3a 
 *(.Level4InterruptVector.text)
 .Level4InterruptVector.text
                0x40080200        0x6 I:/ESP32/msys32/esp/hello_world/build/freertos\libfreertos.a(xtensa_vectors.o)
                0x40080200                _Level4Vector
                0x00000240                . = 0x240
 *fill*         0x40080206       0x3a 
 *(.Level5InterruptVector.text)
 .Level5InterruptVector.text
                0x40080240        0x6 I:/ESP32/msys32/esp/hello_world/build/freertos\libfreertos.a(xtensa_vectors.o)
                0x40080240                _Level5Vector
                0x00000280                . = 0x280
 *fill*         0x40080246       0x3a 
 *(.DebugExceptionVector.text)
 .DebugExceptionVector.text
                0x40080280        0x6 I:/ESP32/msys32/esp/hello_world/build/freertos\libfreertos.a(xtensa_vectors.o)
                0x40080280                _DebugExceptionVector
                0x000002c0                . = 0x2c0
 *fill*         0x40080286       0x3a 
 *(.NMIExceptionVector.text)
 .NMIExceptionVector.text
                0x400802c0        0x6 I:/ESP32/msys32/esp/hello_world/build/freertos\libfreertos.a(xtensa_vectors.o)
                0x400802c0                _NMIExceptionVector
                0x00000300                . = 0x300
 *fill*         0x400802c6       0x3a 
 *(.KernelExceptionVector.text)
 .KernelExceptionVector.text
                0x40080300        0x6 I:/ESP32/msys32/esp/hello_world/build/freertos\libfreertos.a(xtensa_vectors.o)
                0x40080300                _KernelExceptionVector
                0x00000340                . = 0x340
 *fill*         0x40080306       0x3a 
 *(.UserExceptionVector.text)
 .UserExceptionVector.text
                0x40080340        0x6 I:/ESP32/msys32/esp/hello_world/build/freertos\libfreertos.a(xtensa_vectors.o)
                0x40080340                _UserExceptionVector
                0x000003c0                . = 0x3c0
 *fill*         0x40080346       0x7a 
 *(.DoubleExceptionVector.text)
 .DoubleExceptionVector.text
                0x400803c0        0xf I:/ESP32/msys32/esp/hello_world/build/freertos\libfreertos.a(xtensa_vectors.o)
                0x400803c0                _DoubleExceptionVector
                0x00000400                . = 0x400
 *fill*         0x400803cf       0x31 
 *(.*Vector.literal)
 *(.UserEnter.literal)
 *(.UserEnter.text)
                0x40080400                . = ALIGN (0x10)
 *(.entry.text)
 *(.init.literal)
 *(.init)
                0x40080400                _init_end = ABSOLUTE (.)

.iram0.text     0x40080400     0xa650
                0x40080400                _iram_text_start = ABSOLUTE (.)
 *(.iram1 .iram1.*)
 .iram1.literal
                0x40080400       0xb4 I:/ESP32/msys32/esp/hello_world/build/esp32\libesp32.a(cpu_start.o)
                                0x1e0 (size before relaxing)
 .iram1.literal
                0x400804b4       0x18 I:/ESP32/msys32/esp/hello_world/build/esp32\libesp32.a(reset_reason.o)
                                 0x20 (size before relaxing)
 .iram1.literal
                0x400804cc       0x24 I:/ESP32/msys32/esp/hello_world/build/esp32\libesp32.a(dport_panic_highint_hdl.o)
                                 0x28 (size before relaxing)
 .iram1.literal
                0x400804f0        0x8 I:/ESP32/msys32/esp/hello_world/build/esp32\libesp32.a(int_wdt.o)
                                  0xc (size before relaxing)
 .iram1.literal
                0x400804f8       0x44 I:/ESP32/msys32/esp/hello_world/build/esp32\libesp32.a(system_api.o)
                                 0xb8 (size before relaxing)
 .iram1.literal
                0x4008053c       0x28 I:/ESP32/msys32/esp/hello_world/build/esp32\libesp32.a(dport_access.o)
                                 0x88 (size before relaxing)
 .iram1.literal
                0x40080564       0x24 I:/ESP32/msys32/esp/hello_world/build/esp32\libesp32.a(esp_timer.o)
                                 0x60 (size before relaxing)
 .iram1.literal
                0x40080588       0x20 I:/ESP32/msys32/esp/hello_world/build/esp32\libesp32.a(intr_alloc.o)
                                 0x7c (size before relaxing)
 .iram1.literal
                0x400805a8       0x20 I:/ESP32/msys32/esp/hello_world/build/esp32\libesp32.a(ipc.o)
                                 0x34 (size before relaxing)
 .iram1.literal
                0x400805c8        0xc I:/ESP32/msys32/esp/hello_world/build/esp32\libesp32.a(cache_err_int.o)
                                 0x18 (size before relaxing)
 .iram1.literal
                0x400805d4        0x4 I:/ESP32/msys32/esp/hello_world/build/esp32\libesp32.a(freertos_hooks.o)
 .iram1.literal
                0x400805d8        0xc I:/ESP32/msys32/esp/hello_world/build/esp32\libesp32.a(clk.o)
                                 0x20 (size before relaxing)
 .iram1.literal
                0x400805e4       0x60 I:/ESP32/msys32/esp/hello_world/build/esp32\libesp32.a(esp_timer_esp32.o)
                                 0xf8 (size before relaxing)
 .iram1.literal
                0x40080644       0x1c I:/ESP32/msys32/esp/hello_world/build/esp32\libesp32.a(crosscore_int.o)
                                 0x40 (size before relaxing)
 .iram1.literal
                0x40080660        0x4 I:/ESP32/msys32/esp/hello_world/build/freertos\libfreertos.a(port.o)
 .iram1.literal
                0x40080664       0x44 I:/ESP32/msys32/esp/hello_world/build/freertos\libfreertos.a(xtensa_vectors.o)
                                 0x68 (size before relaxing)
 .iram1.literal
                0x400806a8       0x58 I:/ESP32/msys32/esp/hello_world/build/heap\libheap.a(heap_caps.o)
                                 0xb0 (size before relaxing)
 .iram1.literal
                0x40080700       0x24 I:/ESP32/msys32/esp/hello_world/build/log\liblog.a(log.o)
                                 0x48 (size before relaxing)
 .iram1.literal
                0x40080724        0x4 I:/ESP32/msys32/esp/hello_world/build/main\libmain.a(hello_world_main.o)
                                  0xc (size before relaxing)
 .iram1.literal
                0x40080728       0x14 I:/ESP32/msys32/esp/hello_world/build/newlib\libnewlib.a(locks.o)
                                 0x90 (size before relaxing)
 .iram1.literal
                0x4008073c        0x4 I:/ESP32/msys32/esp/hello_world/build/newlib\libnewlib.a(syscalls.o)
                                 0x14 (size before relaxing)
 .iram1.literal
                0x40080740        0x8 I:/ESP32/msys32/esp/hello_world/build/newlib\libnewlib.a(reent_init.o)
                                 0x10 (size before relaxing)
 .iram1.literal
                0x40080748        0x4 I:/ESP32/msys32/esp/hello_world/build/newlib\libnewlib.a(time.o)
                                 0x1c (size before relaxing)
 .iram1.literal
                0x4008074c       0x1c I:/ESP32/msys32/esp/hello_world/build/soc\libsoc.a(cpu_util.o)
                                 0x30 (size before relaxing)
 .iram1.literal
                0x40080768       0x38 I:/ESP32/msys32/esp/hello_world/build/spi_flash\libspi_flash.a(flash_ops.o)
                                 0xe4 (size before relaxing)
 .iram1.literal
                0x400807a0       0x50 I:/ESP32/msys32/esp/hello_world/build/spi_flash\libspi_flash.a(cache_utils.o)
                                0x120 (size before relaxing)
 .iram1.literal
                0x400807f0       0x50 I:/ESP32/msys32/esp/hello_world/build/spi_flash\libspi_flash.a(flash_mmap.o)
                                0x170 (size before relaxing)
 .iram1.literal
                0x40080840       0x1c I:/ESP32/msys32/esp/hello_world/build/driver\libdriver.a(ledc.o)
                                 0x40 (size before relaxing)
 .iram1.literal
                0x4008085c       0xe0 I:/ESP32/msys32/esp/hello_world/build/driver\libdriver.a(spi_master.o)
                                0x24c (size before relaxing)
 .iram1.literal
                0x4008093c       0x20 I:/ESP32/msys32/esp/hello_world/build/driver\libdriver.a(spi_common.o)
                                 0x70 (size before relaxing)
 .literal.prvGetFreeSize
                0x4008095c        0xc I:/ESP32/msys32/esp/hello_world/build/esp_ringbuf\libesp_ringbuf.a(ringbuf.o)
                                 0x14 (size before relaxing)
 .literal.prvReceiveGeneric
                0x40080968        0x4 I:/ESP32/msys32/esp/hello_world/build/esp_ringbuf\libesp_ringbuf.a(ringbuf.o)
                                 0x3c (size before relaxing)
 .literal.xRingbufferSend
                0x4008096c        0x4 I:/ESP32/msys32/esp/hello_world/build/esp_ringbuf\libesp_ringbuf.a(ringbuf.o)
                                 0x40 (size before relaxing)
 .literal.xRingbufferReceive
                0x40080970        0x4 I:/ESP32/msys32/esp/hello_world/build/esp_ringbuf\libesp_ringbuf.a(ringbuf.o)
                                 0x18 (size before relaxing)
 .literal.vRingbufferReturnItem
                0x40080974        0x4 I:/ESP32/msys32/esp/hello_world/build/esp_ringbuf\libesp_ringbuf.a(ringbuf.o)
                                 0x28 (size before relaxing)
 .literal.prvResetNextTaskUnblockTime
                0x40080978        0x8 I:/ESP32/msys32/esp/hello_world/build/freertos\libfreertos.a(tasks.o)
 .literal.prvDeleteTLS
                0x40080980       0x10 I:/ESP32/msys32/esp/hello_world/build/freertos\libfreertos.a(tasks.o)
                                 0x18 (size before relaxing)
 .literal.prvInitialiseNewTask
                0x40080990        0x0 I:/ESP32/msys32/esp/hello_world/build/freertos\libfreertos.a(tasks.o)
                                 0x18 (size before relaxing)
 .literal.prvInitialiseTaskLists
                0x40080990       0x20 I:/ESP32/msys32/esp/hello_world/build/freertos\libfreertos.a(tasks.o)
                                 0x40 (size before relaxing)
 .literal.prvDeleteTCB
                0x400809b0        0x8 I:/ESP32/msys32/esp/hello_world/build/freertos\libfreertos.a(tasks.o)
                                 0x2c (size before relaxing)
 .literal.prvAddCurrentTaskToDelayedList
                0x400809b8        0x4 I:/ESP32/msys32/esp/hello_world/build/freertos\libfreertos.a(tasks.o)
                                 0x1c (size before relaxing)
 .literal.taskYIELD_OTHER_CORE
                0x400809bc        0x0 I:/ESP32/msys32/esp/hello_world/build/freertos\libfreertos.a(tasks.o)
                                 0x10 (size before relaxing)
 .literal.vTaskSuspendAll
                0x400809bc        0x4 I:/ESP32/msys32/esp/hello_world/build/freertos\libfreertos.a(tasks.o)
                                  0x8 (size before relaxing)
 .literal.xTaskGetIdleTaskHandleForCPU
                0x400809c0        0xc I:/ESP32/msys32/esp/hello_world/build/freertos\libfreertos.a(tasks.o)
                                 0x1c (size before relaxing)
 .literal.vTaskSwitchContext
                0x400809cc       0x18 I:/ESP32/msys32/esp/hello_world/build/freertos\libfreertos.a(tasks.o)
                                 0x3c (size before relaxing)
 .literal.vTaskSetTimeOutState
                0x400809e4        0xc I:/ESP32/msys32/esp/hello_world/build/freertos\libfreertos.a(tasks.o)
                                 0x20 (size before relaxing)
 .literal.xTaskGetCurrentTaskHandle
                0x400809f0        0x0 I:/ESP32/msys32/esp/hello_world/build/freertos\libfreertos.a(tasks.o)
                                  0x8 (size before relaxing)
 .literal.__getreent
                0x400809f0        0x0 I:/ESP32/msys32/esp/hello_world/build/freertos\libfreertos.a(tasks.o)
                                  0x8 (size before relaxing)
 .literal.pcTaskGetTaskName
                0x400809f0        0x8 I:/ESP32/msys32/esp/hello_world/build/freertos\libfreertos.a(tasks.o)
                                 0x1c (size before relaxing)
 .literal.xTaskGetAffinity
                0x400809f8        0x0 I:/ESP32/msys32/esp/hello_world/build/freertos\libfreertos.a(tasks.o)
                                  0x4 (size before relaxing)
 .literal.xTaskGetCurrentTaskHandleForCPU
                0x400809f8        0x0 I:/ESP32/msys32/esp/hello_world/build/freertos\libfreertos.a(tasks.o)
                                  0x4 (size before relaxing)
 .literal.xTaskGetSchedulerState
                0x400809f8        0x4 I:/ESP32/msys32/esp/hello_world/build/freertos\libfreertos.a(tasks.o)
                                  0xc (size before relaxing)
 .literal.vTaskEnterCritical
                0x400809fc       0x20 I:/ESP32/msys32/esp/hello_world/build/freertos\libfreertos.a(tasks.o)
                                 0x34 (size before relaxing)
 .literal.vTaskExitCritical
                0x40080a1c        0xc I:/ESP32/msys32/esp/hello_world/build/freertos\libfreertos.a(tasks.o)
                                 0x28 (size before relaxing)
 .literal.prvAddNewTaskToReadyList
                0x40080a28       0x10 I:/ESP32/msys32/esp/hello_world/build/freertos\libfreertos.a(tasks.o)
                                 0x58 (size before relaxing)
 .literal.xTaskCreatePinnedToCore
                0x40080a38        0x0 I:/ESP32/msys32/esp/hello_world/build/freertos\libfreertos.a(tasks.o)
                                 0x18 (size before relaxing)
 .literal.vTaskStartScheduler
                0x40080a38       0x10 I:/ESP32/msys32/esp/hello_world/build/freertos\libfreertos.a(tasks.o)
                                 0x3c (size before relaxing)
 .literal.vTaskDelete
                0x40080a48        0x8 I:/ESP32/msys32/esp/hello_world/build/freertos\libfreertos.a(tasks.o)
                                 0x60 (size before relaxing)
 .literal.vTaskDelay
                0x40080a50        0x4 I:/ESP32/msys32/esp/hello_world/build/freertos\libfreertos.a(tasks.o)
                                 0x38 (size before relaxing)
 .literal.uxTaskPriorityGet
                0x40080a54        0x0 I:/ESP32/msys32/esp/hello_world/build/freertos\libfreertos.a(tasks.o)
                                 0x10 (size before relaxing)
 .literal.vTaskPrioritySet
                0x40080a54        0x4 I:/ESP32/msys32/esp/hello_world/build/freertos\libfreertos.a(tasks.o)
                                 0x44 (size before relaxing)
 .literal.prvCheckTasksWaitingTermination
                0x40080a58        0x8 I:/ESP32/msys32/esp/hello_world/build/freertos\libfreertos.a(tasks.o)
                                 0x30 (size before relaxing)
 .literal.prvIdleTask
                0x40080a60        0x0 I:/ESP32/msys32/esp/hello_world/build/freertos\libfreertos.a(tasks.o)
                                  0x8 (size before relaxing)
 .literal.xTaskGetTickCount
                0x40080a60        0x4 I:/ESP32/msys32/esp/hello_world/build/freertos\libfreertos.a(tasks.o)
                                 0x10 (size before relaxing)
 .literal.xTaskIncrementTick
                0x40080a64        0xc I:/ESP32/msys32/esp/hello_world/build/freertos\libfreertos.a(tasks.o)
                                 0x78 (size before relaxing)
 .literal.xTaskResumeAll
                0x40080a70        0x8 I:/ESP32/msys32/esp/hello_world/build/freertos\libfreertos.a(tasks.o)
                                 0x5c (size before relaxing)
 .literal.vTaskPlaceOnEventList
                0x40080a78        0x8 I:/ESP32/msys32/esp/hello_world/build/freertos\libfreertos.a(tasks.o)
                                 0x40 (size before relaxing)
 .literal.vTaskPlaceOnEventListRestricted
                0x40080a80        0x8 I:/ESP32/msys32/esp/hello_world/build/freertos\libfreertos.a(tasks.o)
                                 0x38 (size before relaxing)
 .literal.xTaskRemoveFromEventList
                0x40080a88        0x8 I:/ESP32/msys32/esp/hello_world/build/freertos\libfreertos.a(tasks.o)
                                 0x58 (size before relaxing)
 .literal.xTaskCheckForTimeOut
                0x40080a90        0xc I:/ESP32/msys32/esp/hello_world/build/freertos\libfreertos.a(tasks.o)
                                 0x3c (size before relaxing)
 .literal.vTaskPriorityInherit
                0x40080a9c        0x0 I:/ESP32/msys32/esp/hello_world/build/freertos\libfreertos.a(tasks.o)
                                 0x2c (size before relaxing)
 .literal.xTaskPriorityDisinherit
                0x40080a9c        0x8 I:/ESP32/msys32/esp/hello_world/build/freertos\libfreertos.a(tasks.o)
                                 0x40 (size before relaxing)
 .literal.pvTaskIncrementMutexHeldCount
                0x40080aa4        0x0 I:/ESP32/msys32/esp/hello_world/build/freertos\libfreertos.a(tasks.o)
                                 0x10 (size before relaxing)
 .literal.vPortTaskWrapper
                0x40080aa4        0x8 I:/ESP32/msys32/esp/hello_world/build/freertos\libfreertos.a(port.o)
                                 0x18 (size before relaxing)
 .literal.pxPortInitialiseStack
                0x40080aac       0x14 I:/ESP32/msys32/esp/hello_world/build/freertos\libfreertos.a(port.o)
                                 0x1c (size before relaxing)
 .literal.xPortStartScheduler
                0x40080ac0        0x0 I:/ESP32/msys32/esp/hello_world/build/freertos\libfreertos.a(port.o)
                                 0x14 (size before relaxing)
 .literal.xPortSysTickHandler
                0x40080ac0        0x0 I:/ESP32/msys32/esp/hello_world/build/freertos\libfreertos.a(port.o)
                                  0x8 (size before relaxing)
 .literal.vPortYieldOtherCore
                0x40080ac0        0x0 I:/ESP32/msys32/esp/hello_world/build/freertos\libfreertos.a(port.o)
                                  0x4 (size before relaxing)
 .literal.vPortReleaseTaskMPUSettings
                0x40080ac0        0x0 I:/ESP32/msys32/esp/hello_world/build/freertos\libfreertos.a(port.o)
                                  0x4 (size before relaxing)
 .literal.xPortInIsrContext
                0x40080ac0        0x0 I:/ESP32/msys32/esp/hello_world/build/freertos\libfreertos.a(port.o)
                                  0x8 (size before relaxing)
 .literal.vPortCPUInitializeMutex
                0x40080ac0        0x0 I:/ESP32/msys32/esp/hello_world/build/freertos\libfreertos.a(port.o)
                                  0x4 (size before relaxing)
 .literal.vPortCPUAcquireMutex
                0x40080ac0       0x14 I:/ESP32/msys32/esp/hello_world/build/freertos\libfreertos.a(port.o)
                                 0x30 (size before relaxing)
 .literal.vPortCPUReleaseMutex
                0x40080ad4        0xc I:/ESP32/msys32/esp/hello_world/build/freertos\libfreertos.a(port.o)
                                 0x20 (size before relaxing)
 .literal._xt_tick_divisor_init
                0x40080ae0        0x8 I:/ESP32/msys32/esp/hello_world/build/freertos\libfreertos.a(xtensa_init.o)
                                  0xc (size before relaxing)
 .literal.prvIsQueueFull
                0x40080ae8        0x0 I:/ESP32/msys32/esp/hello_world/build/freertos\libfreertos.a(queue.o)
                                  0x8 (size before relaxing)
 .literal.prvCopyDataToQueue
                0x40080ae8        0x0 I:/ESP32/msys32/esp/hello_world/build/freertos\libfreertos.a(queue.o)
                                  0xc (size before relaxing)
 .literal.prvNotifyQueueSetContainer
                0x40080ae8       0x14 I:/ESP32/msys32/esp/hello_world/build/freertos\libfreertos.a(queue.o)
                                 0x34 (size before relaxing)
 .literal.prvCopyDataFromQueue
                0x40080afc        0x0 I:/ESP32/msys32/esp/hello_world/build/freertos\libfreertos.a(queue.o)
                                  0x4 (size before relaxing)
 .literal.xQueueGenericReset
                0x40080afc        0x4 I:/ESP32/msys32/esp/hello_world/build/freertos\libfreertos.a(queue.o)
                                 0x30 (size before relaxing)
 .literal.prvInitialiseNewQueue
                0x40080b00        0x0 I:/ESP32/msys32/esp/hello_world/build/freertos\libfreertos.a(queue.o)
                                  0x4 (size before relaxing)
 .literal.xQueueGenericCreate
                0x40080b00        0x4 I:/ESP32/msys32/esp/hello_world/build/freertos\libfreertos.a(queue.o)
                                 0x1c (size before relaxing)
 .literal.xQueueGetMutexHolder
                0x40080b04        0x0 I:/ESP32/msys32/esp/hello_world/build/freertos\libfreertos.a(queue.o)
                                  0x8 (size before relaxing)
 .literal.xQueueCreateCountingSemaphore
                0x40080b04        0x4 I:/ESP32/msys32/esp/hello_world/build/freertos\libfreertos.a(queue.o)
                                 0x28 (size before relaxing)
 .literal.xQueueGenericSend
                0x40080b08        0x4 I:/ESP32/msys32/esp/hello_world/build/freertos\libfreertos.a(queue.o)
                                 0x7c (size before relaxing)
 .literal.prvInitialiseMutex
                0x40080b0c        0x0 I:/ESP32/msys32/esp/hello_world/build/freertos\libfreertos.a(queue.o)
                                  0x8 (size before relaxing)
 .literal.xQueueCreateMutex
                0x40080b0c        0x0 I:/ESP32/msys32/esp/hello_world/build/freertos\libfreertos.a(queue.o)
                                  0x8 (size before relaxing)
 .literal.xQueueGiveMutexRecursive
                0x40080b0c        0x4 I:/ESP32/msys32/esp/hello_world/build/freertos\libfreertos.a(queue.o)
                                 0x1c (size before relaxing)
 .literal.xQueueGenericSendFromISR
                0x40080b10        0x4 I:/ESP32/msys32/esp/hello_world/build/freertos\libfreertos.a(queue.o)
                                 0x3c (size before relaxing)
 .literal.xQueueGiveFromISR
                0x40080b14        0x4 I:/ESP32/msys32/esp/hello_world/build/freertos\libfreertos.a(queue.o)
                                 0x30 (size before relaxing)
 .literal.xQueueGenericReceive
                0x40080b18        0x4 I:/ESP32/msys32/esp/hello_world/build/freertos\libfreertos.a(queue.o)
                                 0x78 (size before relaxing)
 .literal.xQueueTakeMutexRecursive
                0x40080b1c        0x4 I:/ESP32/msys32/esp/hello_world/build/freertos\libfreertos.a(queue.o)
                                 0x1c (size before relaxing)
 .literal.xQueueReceiveFromISR
                0x40080b20        0x4 I:/ESP32/msys32/esp/hello_world/build/freertos\libfreertos.a(queue.o)
                                 0x30 (size before relaxing)
 .literal.uxQueueMessagesWaiting
                0x40080b24        0x4 I:/ESP32/msys32/esp/hello_world/build/freertos\libfreertos.a(queue.o)
                                 0x1c (size before relaxing)
 .literal.vQueueDelete
                0x40080b28        0x4 I:/ESP32/msys32/esp/hello_world/build/freertos\libfreertos.a(queue.o)
                                 0x18 (size before relaxing)
 .literal.vQueueWaitForMessageRestricted
                0x40080b2c        0x0 I:/ESP32/msys32/esp/hello_world/build/freertos\libfreertos.a(queue.o)
                                  0xc (size before relaxing)
 .literal.xt_unhandled_interrupt
                0x40080b2c        0x4 I:/ESP32/msys32/esp/hello_world/build/freertos\libfreertos.a(xtensa_intr.o)
                                  0x8 (size before relaxing)
 .literal.xt_set_interrupt_handler
                0x40080b30        0x8 I:/ESP32/msys32/esp/hello_world/build/freertos\libfreertos.a(xtensa_intr.o)
                                  0xc (size before relaxing)
 .literal       0x40080b38        0xc I:/ESP32/msys32/esp/hello_world/build/freertos\libfreertos.a(portasm.o)
                                 0x54 (size before relaxing)
 .literal       0x40080b44        0x0 I:/ESP32/msys32/esp/hello_world/build/freertos\libfreertos.a(xtensa_context.o)
                                 0x10 (size before relaxing)
 .literal.prvGetNextExpireTime
                0x40080b44        0x4 I:/ESP32/msys32/esp/hello_world/build/freertos\libfreertos.a(timers.o)
 .literal.prvInsertTimerInActiveList
                0x40080b48        0x4 I:/ESP32/msys32/esp/hello_world/build/freertos\libfreertos.a(timers.o)
                                 0x10 (size before relaxing)
 .literal.prvCheckForValidListAndQueue
                0x40080b4c       0x1c I:/ESP32/msys32/esp/hello_world/build/freertos\libfreertos.a(timers.o)
                                 0x44 (size before relaxing)
 .literal.xTimerCreateTimerTask
                0x40080b68        0xc I:/ESP32/msys32/esp/hello_world/build/freertos\libfreertos.a(timers.o)
                                 0x2c (size before relaxing)
 .literal.xTimerGenericCommand
                0x40080b74        0x0 I:/ESP32/msys32/esp/hello_world/build/freertos\libfreertos.a(timers.o)
                                 0x14 (size before relaxing)
 .literal.prvSwitchTimerLists
                0x40080b74        0x4 I:/ESP32/msys32/esp/hello_world/build/freertos\libfreertos.a(timers.o)
                                 0x28 (size before relaxing)
 .literal.prvSampleTimeNow
                0x40080b78        0x4 I:/ESP32/msys32/esp/hello_world/build/freertos\libfreertos.a(timers.o)
                                  0xc (size before relaxing)
 .literal.prvProcessExpiredTimer
                0x40080b7c        0x4 I:/ESP32/msys32/esp/hello_world/build/freertos\libfreertos.a(timers.o)
                                 0x24 (size before relaxing)
 .literal.prvProcessTimerOrBlockTask
                0x40080b80        0x0 I:/ESP32/msys32/esp/hello_world/build/freertos\libfreertos.a(timers.o)
                                 0x24 (size before relaxing)
 .literal.prvProcessReceivedCommands
                0x40080b80        0x8 I:/ESP32/msys32/esp/hello_world/build/freertos\libfreertos.a(timers.o)
                                 0x40 (size before relaxing)
 .literal.prvTimerTask
                0x40080b88        0x0 I:/ESP32/msys32/esp/hello_world/build/freertos\libfreertos.a(timers.o)
                                  0xc (size before relaxing)
 .literal.get_prev_free_block
                0x40080b88       0x10 I:/ESP32/msys32/esp/hello_world/build/heap\libheap.a(multi_heap.o)
                                 0x28 (size before relaxing)
 .literal.split_if_necessary
                0x40080b98       0x10 I:/ESP32/msys32/esp/hello_world/build/heap\libheap.a(multi_heap.o)
                                 0x50 (size before relaxing)
 .literal.assert_valid_block
                0x40080ba8        0x0 I:/ESP32/msys32/esp/hello_world/build/heap\libheap.a(multi_heap.o)
                                 0x2c (size before relaxing)
 .literal.merge_adjacent
                0x40080ba8        0x8 I:/ESP32/msys32/esp/hello_world/build/heap\libheap.a(multi_heap.o)
                                 0x4c (size before relaxing)
 .literal.multi_heap_get_allocated_size_impl
                0x40080bb0        0x0 I:/ESP32/msys32/esp/hello_world/build/heap\libheap.a(multi_heap.o)
                                 0x10 (size before relaxing)
 .literal.multi_heap_malloc_impl
                0x40080bb0        0x0 I:/ESP32/msys32/esp/hello_world/build/heap\libheap.a(multi_heap.o)
                                 0x28 (size before relaxing)
 .literal.multi_heap_free_impl
                0x40080bb0        0x0 I:/ESP32/msys32/esp/hello_world/build/heap\libheap.a(multi_heap.o)
                                 0x50 (size before relaxing)
 .literal.multi_heap_realloc_impl
                0x40080bb0        0x8 I:/ESP32/msys32/esp/hello_world/build/heap\libheap.a(multi_heap.o)
                                 0x68 (size before relaxing)
 .literal.panicPutChar
                0x40080bb8        0x4 I:/ESP32/msys32/esp/hello_world/build/esp32\libesp32.a(panic.o)
                                  0x8 (size before relaxing)
 .literal.panicPutStr
                0x40080bbc        0x0 I:/ESP32/msys32/esp/hello_world/build/esp32\libesp32.a(panic.o)
                                  0x4 (size before relaxing)
 .literal.panicPutHex
                0x40080bbc        0x0 I:/ESP32/msys32/esp/hello_world/build/esp32\libesp32.a(panic.o)
                                  0x8 (size before relaxing)
 .literal.panicPutDec
                0x40080bbc        0x4 I:/ESP32/msys32/esp/hello_world/build/esp32\libesp32.a(panic.o)
                                 0x10 (size before relaxing)
 .literal.reconfigureAllWdts
                0x40080bc0        0xc I:/ESP32/msys32/esp/hello_world/build/esp32\libesp32.a(panic.o)
                                 0x24 (size before relaxing)
 .literal.putEntry
                0x40080bcc        0xc I:/ESP32/msys32/esp/hello_world/build/esp32\libesp32.a(panic.o)
                                 0x20 (size before relaxing)
 .literal.doBacktrace
                0x40080bd8       0x10 I:/ESP32/msys32/esp/hello_world/build/esp32\libesp32.a(panic.o)
                                 0x24 (size before relaxing)
 .literal.invoke_abort
                0x40080be8        0x4 I:/ESP32/msys32/esp/hello_world/build/esp32\libesp32.a(panic.o)
                                  0x8 (size before relaxing)
 .literal.haltOtherCore
                0x40080bec        0x0 I:/ESP32/msys32/esp/hello_world/build/esp32\libesp32.a(panic.o)
                                  0x4 (size before relaxing)
 .literal.commonErrorHandler_dump
                0x40080bec       0x30 I:/ESP32/msys32/esp/hello_world/build/esp32\libesp32.a(panic.o)
                                 0x90 (size before relaxing)
 .literal.esp_panic_dig_reset
                0x40080c1c        0x0 I:/ESP32/msys32/esp/hello_world/build/esp32\libesp32.a(panic.o)
                                 0x18 (size before relaxing)
 .literal.commonErrorHandler
                0x40080c1c        0x8 I:/ESP32/msys32/esp/hello_world/build/esp32\libesp32.a(panic.o)
                                 0x4c (size before relaxing)
 .literal.esp_error_check_failed_print
                0x40080c24       0x14 I:/ESP32/msys32/esp/hello_world/build/esp32\libesp32.a(panic.o)
                                 0x2c (size before relaxing)
 .literal.abort
                0x40080c38        0x8 I:/ESP32/msys32/esp/hello_world/build/esp32\libesp32.a(panic.o)
                                 0x18 (size before relaxing)
 .literal.vApplicationStackOverflowHook
                0x40080c40        0x8 I:/ESP32/msys32/esp/hello_world/build/esp32\libesp32.a(panic.o)
                                 0x18 (size before relaxing)
 .literal.panicHandler
                0x40080c48       0x34 I:/ESP32/msys32/esp/hello_world/build/esp32\libesp32.a(panic.o)
                                 0xa8 (size before relaxing)
 .literal.xt_unhandled_exception
                0x40080c7c       0x18 I:/ESP32/msys32/esp/hello_world/build/esp32\libesp32.a(panic.o)
                                 0x64 (size before relaxing)
 .literal._esp_error_check_failed
                0x40080c94        0x4 I:/ESP32/msys32/esp/hello_world/build/esp32\libesp32.a(panic.o)
                                  0xc (size before relaxing)
 .literal.rtc_clk_32k_enable_common
                0x40080c98       0x14 I:/ESP32/msys32/esp/hello_world/build/soc\libsoc.a(rtc_clk.o)
 .literal.rtc_clk_bbpll_disable
                0x40080cac        0x8 I:/ESP32/msys32/esp/hello_world/build/soc\libsoc.a(rtc_clk.o)
                                 0x10 (size before relaxing)
 .literal.rtc_clk_bbpll_enable
                0x40080cb4        0x4 I:/ESP32/msys32/esp/hello_world/build/soc\libsoc.a(rtc_clk.o)
                                  0x8 (size before relaxing)
 .literal.rtc_clk_32k_enable
                0x40080cb8        0x4 I:/ESP32/msys32/esp/hello_world/build/soc\libsoc.a(rtc_clk.o)
                                  0xc (size before relaxing)
 .literal.rtc_clk_32k_enable_external
                0x40080cbc        0x0 I:/ESP32/msys32/esp/hello_world/build/soc\libsoc.a(rtc_clk.o)
                                  0x4 (size before relaxing)
 .literal.rtc_clk_8m_enable
                0x40080cbc        0xc I:/ESP32/msys32/esp/hello_world/build/soc\libsoc.a(rtc_clk.o)
                                 0x10 (size before relaxing)
 .literal.rtc_clk_slow_freq_set
                0x40080cc8        0x0 I:/ESP32/msys32/esp/hello_world/build/soc\libsoc.a(rtc_clk.o)
                                  0xc (size before relaxing)
 .literal.rtc_clk_slow_freq_get
                0x40080cc8        0x0 I:/ESP32/msys32/esp/hello_world/build/soc\libsoc.a(rtc_clk.o)
                                  0x4 (size before relaxing)
 .literal.rtc_clk_slow_freq_get_hz
                0x40080cc8        0x8 I:/ESP32/msys32/esp/hello_world/build/soc\libsoc.a(rtc_clk.o)
                                 0x10 (size before relaxing)
 .literal.rtc_clk_fast_freq_set
                0x40080cd0        0x0 I:/ESP32/msys32/esp/hello_world/build/soc\libsoc.a(rtc_clk.o)
                                  0xc (size before relaxing)
 .literal.rtc_clk_bbpll_configure
                0x40080cd0       0x10 I:/ESP32/msys32/esp/hello_world/build/soc\libsoc.a(rtc_clk.o)
                                 0x3c (size before relaxing)
 .literal.rtc_clk_xtal_freq_get
                0x40080ce0        0x8 I:/ESP32/msys32/esp/hello_world/build/soc\libsoc.a(rtc_clk.o)
 .literal.rtc_clk_cpu_freq_mhz_to_config
                0x40080ce8        0x0 I:/ESP32/msys32/esp/hello_world/build/soc\libsoc.a(rtc_clk.o)
                                  0x4 (size before relaxing)
 .literal.rtc_clk_cpu_freq_get_config
                0x40080ce8       0x10 I:/ESP32/msys32/esp/hello_world/build/soc\libsoc.a(rtc_clk.o)
                                 0x34 (size before relaxing)
 .literal.rtc_clk_apb_freq_update
                0x40080cf8        0x4 I:/ESP32/msys32/esp/hello_world/build/soc\libsoc.a(rtc_clk.o)
 .literal.rtc_clk_cpu_freq_to_xtal
                0x40080cfc        0xc I:/ESP32/msys32/esp/hello_world/build/soc\libsoc.a(rtc_clk.o)
                                 0x34 (size before relaxing)
 .literal.rtc_clk_cpu_freq_set_xtal
                0x40080d08        0x0 I:/ESP32/msys32/esp/hello_world/build/soc\libsoc.a(rtc_clk.o)
                                 0x10 (size before relaxing)
 .literal.rtc_clk_cpu_freq_to_pll_mhz
                0x40080d08        0x8 I:/ESP32/msys32/esp/hello_world/build/soc\libsoc.a(rtc_clk.o)
                                 0x3c (size before relaxing)
 .literal.rtc_clk_cpu_freq_to_8m
                0x40080d10        0x4 I:/ESP32/msys32/esp/hello_world/build/soc\libsoc.a(rtc_clk.o)
                                 0x2c (size before relaxing)
 .literal.rtc_clk_cpu_freq_set_config
                0x40080d14        0x0 I:/ESP32/msys32/esp/hello_world/build/soc\libsoc.a(rtc_clk.o)
                                 0x30 (size before relaxing)
 .literal.rtc_clk_apb_freq_get
                0x40080d14        0x4 I:/ESP32/msys32/esp/hello_world/build/soc\libsoc.a(rtc_clk.o)
                                 0x10 (size before relaxing)
 .literal.rtc_clk_cal_internal
                0x40080d18       0x2c I:/ESP32/msys32/esp/hello_world/build/soc\libsoc.a(rtc_time.o)
                                 0x68 (size before relaxing)
 .literal.rtc_clk_cal
                0x40080d44        0x0 I:/ESP32/msys32/esp/hello_world/build/soc\libsoc.a(rtc_time.o)
                                  0xc (size before relaxing)
 .literal.rtc_time_get
                0x40080d44       0x10 I:/ESP32/msys32/esp/hello_world/build/soc\libsoc.a(rtc_time.o)
                                 0x18 (size before relaxing)
 .literal.rtc_clk_wait_for_slow_cycle
                0x40080d54        0x8 I:/ESP32/msys32/esp/hello_world/build/soc\libsoc.a(rtc_time.o)
                                 0x20 (size before relaxing)
 .literal.rtc_init
                0x40080d5c       0x58 I:/ESP32/msys32/esp/hello_world/build/soc\libsoc.a(rtc_init.o)
                                 0xdc (size before relaxing)
 .literal.rtc_wdt_get_protect_status
                0x40080db4        0x8 I:/ESP32/msys32/esp/hello_world/build/soc\libsoc.a(rtc_wdt.o)
 .literal.rtc_wdt_protect_off
                0x40080dbc        0x0 I:/ESP32/msys32/esp/hello_world/build/soc\libsoc.a(rtc_wdt.o)
                                  0x8 (size before relaxing)
 .literal.rtc_wdt_protect_on
                0x40080dbc        0x0 I:/ESP32/msys32/esp/hello_world/build/soc\libsoc.a(rtc_wdt.o)
                                  0x4 (size before relaxing)
 .literal.rtc_wdt_enable
                0x40080dbc        0xc I:/ESP32/msys32/esp/hello_world/build/soc\libsoc.a(rtc_wdt.o)
                                 0x10 (size before relaxing)
 .literal.rtc_wdt_feed
                0x40080dc8        0x0 I:/ESP32/msys32/esp/hello_world/build/soc\libsoc.a(rtc_wdt.o)
                                 0x14 (size before relaxing)
 .literal.rtc_wdt_set_time
                0x40080dc8       0x14 I:/ESP32/msys32/esp/hello_world/build/soc\libsoc.a(rtc_wdt.o)
                                 0x20 (size before relaxing)
 .literal.rtc_wdt_set_stage
                0x40080ddc        0x8 I:/ESP32/msys32/esp/hello_world/build/soc\libsoc.a(rtc_wdt.o)
                                 0x14 (size before relaxing)
 .literal.rtc_wdt_disable
                0x40080de4        0x0 I:/ESP32/msys32/esp/hello_world/build/soc\libsoc.a(rtc_wdt.o)
                                 0x2c (size before relaxing)
 .literal.rtc_wdt_set_length_of_reset_signal
                0x40080de4        0x4 I:/ESP32/msys32/esp/hello_world/build/soc\libsoc.a(rtc_wdt.o)
                                  0xc (size before relaxing)
 .literal.rtc_wdt_is_on
                0x40080de8        0x0 I:/ESP32/msys32/esp/hello_world/build/soc\libsoc.a(rtc_wdt.o)
                                  0x4 (size before relaxing)
 .literal       0x40080de8        0x0 I:/ESP32/msys32/esp-idf/components/esp32/libhal.a(windowspill_asm.o)
                                  0x4 (size before relaxing)
 .literal.esp_rom_spiflash_read_status
                0x40080de8       0x10 I:/ESP32/msys32/esp/hello_world/build/spi_flash\libspi_flash.a(spi_flash_rom_patch.o)
                                 0x14 (size before relaxing)
 .literal.esp_rom_spiflash_wait_idle
                0x40080df8        0x8 I:/ESP32/msys32/esp/hello_world/build/spi_flash\libspi_flash.a(spi_flash_rom_patch.o)
                                  0xc (size before relaxing)
 .literal.esp_rom_spiflash_erase_block_internal
                0x40080e00        0x4 I:/ESP32/msys32/esp/hello_world/build/spi_flash\libspi_flash.a(spi_flash_rom_patch.o)
                                 0x18 (size before relaxing)
 .literal.esp_rom_spiflash_erase_sector_internal
                0x40080e04        0x0 I:/ESP32/msys32/esp/hello_world/build/spi_flash\libspi_flash.a(spi_flash_rom_patch.o)
                                 0x18 (size before relaxing)
 .literal.esp_rom_spiflash_read_data
                0x40080e04       0x1c I:/ESP32/msys32/esp/hello_world/build/spi_flash\libspi_flash.a(spi_flash_rom_patch.o)
                                 0x34 (size before relaxing)
 .literal.esp_rom_spiflash_enable_write
                0x40080e20        0x0 I:/ESP32/msys32/esp/hello_world/build/spi_flash\libspi_flash.a(spi_flash_rom_patch.o)
                                 0x10 (size before relaxing)
 .literal.esp_rom_spiflash_program_page_internal
                0x40080e20        0xc I:/ESP32/msys32/esp/hello_world/build/spi_flash\libspi_flash.a(spi_flash_rom_patch.o)
                                 0x40 (size before relaxing)
 .literal.esp_rom_spiflash_read_statushigh
                0x40080e2c        0x4 I:/ESP32/msys32/esp/hello_world/build/spi_flash\libspi_flash.a(spi_flash_rom_patch.o)
                                  0xc (size before relaxing)
 .literal.esp_rom_spiflash_write_status
                0x40080e30        0x4 I:/ESP32/msys32/esp/hello_world/build/spi_flash\libspi_flash.a(spi_flash_rom_patch.o)
                                 0x14 (size before relaxing)
 .literal.esp_rom_spiflash_unlock
                0x40080e34        0x8 I:/ESP32/msys32/esp/hello_world/build/spi_flash\libspi_flash.a(spi_flash_rom_patch.o)
                                 0x28 (size before relaxing)
 .literal.esp_rom_spiflash_erase_block
                0x40080e3c        0xc I:/ESP32/msys32/esp/hello_world/build/spi_flash\libspi_flash.a(spi_flash_rom_patch.o)
                                 0x20 (size before relaxing)
 .literal.esp_rom_spiflash_erase_sector
                0x40080e48        0x0 I:/ESP32/msys32/esp/hello_world/build/spi_flash\libspi_flash.a(spi_flash_rom_patch.o)
                                 0x20 (size before relaxing)
 .literal.esp_rom_spiflash_write
                0x40080e48        0x0 I:/ESP32/msys32/esp/hello_world/build/spi_flash\libspi_flash.a(spi_flash_rom_patch.o)
                                 0x28 (size before relaxing)
 .literal.esp_rom_spiflash_write_encrypted
                0x40080e48        0xc I:/ESP32/msys32/esp/hello_world/build/spi_flash\libspi_flash.a(spi_flash_rom_patch.o)
                                 0x10 (size before relaxing)
 .literal.esp_rom_spiflash_read
                0x40080e54       0x2c I:/ESP32/msys32/esp/hello_world/build/spi_flash\libspi_flash.a(spi_flash_rom_patch.o)
                                 0x5c (size before relaxing)
 .literal       0x40080e80        0x8 I:/ESP32/msys32/esp-idf/components/newlib/lib/libm.a(lib_a-s_fpclassify.o)
                                 0x18 (size before relaxing)
 .iram1         0x40080e88      0x28a I:/ESP32/msys32/esp/hello_world/build/esp32\libesp32.a(cpu_start.o)
                                0x346 (size before relaxing)
                0x40080e88                start_cpu0_default
                0x40080e88                start_cpu0
                0x40080f58                start_cpu1
                0x40080f58                start_cpu1_default
                0x40080fd4                call_start_cpu0
 *fill*         0x40081112        0x2 
 .iram1         0x40081114       0x5c I:/ESP32/msys32/esp/hello_world/build/esp32\libesp32.a(reset_reason.o)
                                 0x60 (size before relaxing)
                0x40081114                esp_reset_reason_set_hint
                0x40081144                esp_reset_reason_get_hint
 .iram1         0x40081170       0xda I:/ESP32/msys32/esp/hello_world/build/esp32\libesp32.a(dport_panic_highint_hdl.o)
                0x40081170                xt_highint4
                0x4008124a                ld_include_panic_highint_hdl
 *fill*         0x4008124a        0x2 
 .iram1         0x4008124c       0x53 I:/ESP32/msys32/esp/hello_world/build/esp32\libesp32.a(int_wdt.o)
 *fill*         0x4008129f        0x1 
 .iram1         0x400812a0      0x195 I:/ESP32/msys32/esp/hello_world/build/esp32\libesp32.a(system_api.o)
                                0x1e4 (size before relaxing)
                0x400812a0                esp_restart_noos
                0x40081414                system_restart
                0x40081414                esp_restart
 *fill*         0x40081435        0x3 
 .iram1         0x40081438      0x1e3 I:/ESP32/msys32/esp/hello_world/build/esp32\libesp32.a(dport_access.o)
                                0x1ef (size before relaxing)
                0x40081438                esp_dport_access_stall_other_cpu_start
                0x400814e8                esp_dport_access_stall_other_cpu_end
                0x40081564                esp_dport_access_stall_other_cpu_start_wrap
                0x4008156c                esp_dport_access_stall_other_cpu_end_wrap
                0x40081574                esp_dport_access_int_pause
                0x40081598                esp_dport_access_int_abort
                0x400815ac                esp_dport_access_int_resume
                0x400815d0                esp_dport_access_reg_read
                0x400815e8                esp_dport_access_sequence_reg_read
                0x400815f4                esp_dport_access_read_buffer
 *fill*         0x4008161b        0x1 
 .iram1         0x4008161c      0x205 I:/ESP32/msys32/esp/hello_world/build/esp32\libesp32.a(esp_timer.o)
                                0x219 (size before relaxing)
                0x40081738                esp_timer_stop
                0x4008175c                esp_timer_get_next_alarm
                0x4008177c                esp_timer_get_time
                0x4008178c                esp_timer_start_once
                0x400817d0                esp_timer_start_periodic
 *fill*         0x40081821        0x3 
 .iram1         0x40081824      0x2b6 I:/ESP32/msys32/esp/hello_world/build/esp32\libesp32.a(intr_alloc.o)
                                0x2ce (size before relaxing)
                0x40081860                esp_intr_set_in_iram
                0x400818e8                esp_intr_enable
                0x40081970                esp_intr_disable
                0x40081a38                esp_intr_noniram_disable
                0x40081a84                esp_intr_noniram_enable
                0x40081ac4                ets_isr_unmask
                0x40081ad0                ets_isr_mask
 *fill*         0x40081ada        0x2 
 .iram1         0x40081adc       0x7f I:/ESP32/msys32/esp/hello_world/build/esp32\libesp32.a(ipc.o)
                                 0x8b (size before relaxing)
 *fill*         0x40081b5b        0x1 
 .iram1         0x40081b5c       0x2c I:/ESP32/msys32/esp/hello_world/build/esp32\libesp32.a(cache_err_int.o)
                                 0x34 (size before relaxing)
                0x40081b5c                esp_cache_err_get_cpuid
 .iram1         0x40081b88       0x27 I:/ESP32/msys32/esp/hello_world/build/esp32\libesp32.a(freertos_hooks.o)
                0x40081b88                esp_vApplicationTickHook
 *fill*         0x40081baf        0x1 
 .iram1         0x40081bb0       0x47 I:/ESP32/msys32/esp/hello_world/build/esp32\libesp32.a(clk.o)
                                 0x4b (size before relaxing)
                0x40081bb0                esp_clk_cpu_freq
                0x40081bc0                esp_clk_apb_freq
                0x40081bd8                esp_clk_xtal_freq
                0x40081be8                ets_update_cpu_frequency
 *fill*         0x40081bf7        0x1 
 .iram1         0x40081bf8      0x4af I:/ESP32/msys32/esp/hello_world/build/esp32\libesp32.a(esp_timer_esp32.o)
                                0x4bb (size before relaxing)
                0x40081d1c                esp_timer_impl_get_time
                0x40081e8c                esp_timer_impl_set_alarm
                0x40081fd4                esp_timer_impl_update_apb_freq
                0x4008209c                esp_timer_impl_get_min_period_us
 *fill*         0x400820a7        0x1 
 .iram1         0x400820a8       0xb0 I:/ESP32/msys32/esp/hello_world/build/esp32\libesp32.a(crosscore_int.o)
                                 0xc0 (size before relaxing)
                0x40082140                esp_crosscore_int_send_yield
                0x4008214c                esp_crosscore_int_send_freq_switch
 .iram1         0x40082158       0x1a I:/ESP32/msys32/esp/hello_world/build/freertos\libfreertos.a(port.o)
                0x40082158                xPortInterruptedFromISRContext
 *fill*         0x40082172        0x2 
 .iram1         0x40082174      0x4b4 I:/ESP32/msys32/esp/hello_world/build/freertos\libfreertos.a(xtensa_vectors.o)
                0x40082174                _xt_panic
                0x4008228c                _xt_user_exit
                0x40082578                _xt_medint2_exit
                0x40082614                _xt_medint3_exit
 .iram1         0x40082628      0x3f1 I:/ESP32/msys32/esp/hello_world/build/heap\libheap.a(heap_caps.o)
                                0x40d (size before relaxing)
                0x400826b8                heap_caps_malloc
                0x40082758                heap_caps_malloc_default
                0x4008279c                heap_caps_malloc_prefer
                0x400827f4                heap_caps_free
                0x4008282c                heap_caps_realloc
                0x400828d8                heap_caps_realloc_default
                0x40082930                heap_caps_realloc_prefer
                0x40082994                heap_caps_calloc
                0x400829c4                heap_caps_calloc_prefer
 *fill*         0x40082a19        0x3 
 .iram1         0x40082a1c      0x18a I:/ESP32/msys32/esp/hello_world/build/log\liblog.a(log.o)
                                0x19a (size before relaxing)
                0x40082a1c                esp_log_write
                0x40082b4c                esp_log_early_timestamp
                0x40082b68                esp_log_timestamp
 *fill*         0x40082ba6        0x2 
 .iram1         0x40082ba8       0x7a I:/ESP32/msys32/esp/hello_world/build/main\libmain.a(hello_world_main.o)
                0x40082ba8                timer_group0_isr
 *fill*         0x40082c22        0x2 
 .iram1         0x40082c24      0x1cc I:/ESP32/msys32/esp/hello_world/build/newlib\libnewlib.a(locks.o)
                                0x210 (size before relaxing)
                0x40082d3c                _lock_init
                0x40082d4c                _lock_init_recursive
                0x40082d5c                _lock_close
                0x40082d5c                _lock_close_recursive
                0x40082d98                _lock_acquire
                0x40082da8                _lock_acquire_recursive
                0x40082db8                _lock_try_acquire
                0x40082dc8                _lock_try_acquire_recursive
                0x40082dd8                _lock_release
                0x40082de4                _lock_release_recursive
 .iram1         0x40082df0       0x5a I:/ESP32/msys32/esp/hello_world/build/newlib\libnewlib.a(syscalls.o)
                                 0x62 (size before relaxing)
                0x40082df0                _malloc_r
                0x40082dfc                _free_r
                0x40082e08                _realloc_r
                0x40082e1c                _calloc_r
 *fill*         0x40082e4a        0x2 
 .iram1         0x40082e4c       0x3c I:/ESP32/msys32/esp/hello_world/build/newlib\libnewlib.a(reent_init.o)
                0x40082e4c                esp_reent_init
 .iram1         0x40082e88       0x70 I:/ESP32/msys32/esp/hello_world/build/newlib\libnewlib.a(time.o)
                                 0x74 (size before relaxing)
                0x40082e88                _gettimeofday_r
                0x40082ed0                _times_r
 .iram1         0x40082ef8      0x11a I:/ESP32/msys32/esp/hello_world/build/soc\libsoc.a(cpu_util.o)
                0x40082ef8                esp_cpu_stall
                0x40082f8c                esp_cpu_unstall
                0x40082fe0                esp_cpu_reset
                0x40083004                esp_cpu_in_ocd_debug_mode
 *fill*         0x40083012        0x2 
 .iram1         0x40083014      0x722 I:/ESP32/msys32/esp/hello_world/build/spi_flash\libspi_flash.a(flash_ops.o)
                                0x74a (size before relaxing)
                0x40083084                spi_flash_guard_set
                0x40083090                spi_flash_guard_get
                0x4008309c                spi_flash_get_chip_size
                0x400830a8                spi_flash_erase_range
                0x40083160                spi_flash_erase_sector
                0x40083184                spi_flash_write
                0x4008334c                spi_flash_read
                0x400835e4                spi_flash_read_encrypted
                0x4008362c                spi_flash_write_encrypted
 *fill*         0x40083736        0x2 
 .iram1         0x40083738      0x2f4 I:/ESP32/msys32/esp/hello_world/build/spi_flash\libspi_flash.a(cache_utils.o)
                                0x340 (size before relaxing)
                0x4008379c                spi_flash_op_block_func
                0x40083848                spi_flash_disable_interrupts_caches_and_other_cpu
                0x40083928                spi_flash_enable_interrupts_caches_and_other_cpu
                0x400839c0                spi_flash_disable_interrupts_caches_and_other_cpu_no_os
                0x400839ec                spi_flash_enable_interrupts_caches_no_os
                0x40083a08                spi_flash_cache_enabled
 .iram1         0x40083a2c      0x5c3 I:/ESP32/msys32/esp/hello_world/build/spi_flash\libspi_flash.a(flash_mmap.o)
                                0x60f (size before relaxing)
                0x40083b80                spi_flash_mmap_pages
                0x40083dc4                spi_flash_mmap
                0x40083e38                spi_flash_munmap
                0x40083edc                spi_flash_mmap_get_free_pages
                0x40083f30                spi_flash_mark_modified_region
                0x40083f7c                spi_flash_phys2cache
 *fill*         0x40083fef        0x1 
 .iram1         0x40083ff0      0x204 I:/ESP32/msys32/esp/hello_world/build/driver\libdriver.a(ledc.o)
                                0x210 (size before relaxing)
                0x400840d4                ledc_fade_isr
 .iram1         0x400841f4     0x104c I:/ESP32/msys32/esp/hello_world/build/driver\libdriver.a(spi_master.o)
                               0x10fc (size before relaxing)
                0x40085078                spi_device_polling_start
                0x4008518c                spi_device_polling_end
                0x4008521c                spi_device_polling_transmit
 .iram1         0x40085240      0x1d3 I:/ESP32/msys32/esp/hello_world/build/driver\libdriver.a(spi_common.o)
                                0x1e3 (size before relaxing)
                0x40085240                spicommon_setup_dma_desc_links
                0x40085348                spicommon_dmaworkaround_req_reset
                0x40085398                spicommon_dmaworkaround_reset_in_progress
                0x400853ac                spicommon_dmaworkaround_idle
                0x400853f0                spicommon_dmaworkaround_transfer_active
 *fill*         0x40085413        0x1 
 .iram1         0x40085414       0x20 I:/ESP32/msys32/esp/hello_world/build/esp32\libesp32.a(dbg_stubs.o)
 *fill*         0x40085434        0x0 
 *fill*         0x40085434        0x0 
 *fill*         0x40085434        0x0 
 *fill*         0x40085434        0x0 
 *fill*         0x40085434        0x0 
 *fill*         0x40085434        0x0 
 *fill*         0x40085434        0x0 
 *fill*         0x40085434        0x0 
 *fill*         0x40085434        0x0 
 *fill*         0x40085434        0x0 
 .iram1         0x40085434       0x2e I:/ESP32/msys32/esp/hello_world/build/freertos\libfreertos.a(xtensa_vector_defaults.o)
                0x40085434                xt_debugexception
                0x40085454                xt_highint5
                0x4008545c                xt_nmi
                0x4008545c                _xt_nmi
 *fill*         0x40085462        0x0 
 *fill*         0x40085462        0x0 
 *fill*         0x40085462        0x0 
 *fill*         0x40085462        0x0 
 *fill*         0x40085462        0x0 
 *fill*         0x40085462        0x0 
 *fill*         0x40085462        0x0 
 *fill*         0x40085462        0x0 
 *libesp_ringbuf.a:(.literal .text .literal.* .text.*)
 *fill*         0x40085462        0x2 
 .text.prvGetFreeSize
                0x40085464       0x3c I:/ESP32/msys32/esp/hello_world/build/esp_ringbuf\libesp_ringbuf.a(ringbuf.o)
                                 0x40 (size before relaxing)
 .text.prvReceiveGeneric
                0x400854a0      0x128 I:/ESP32/msys32/esp/hello_world/build/esp_ringbuf\libesp_ringbuf.a(ringbuf.o)
                                0x13c (size before relaxing)
 .text.xRingbufferSend
                0x400855c8       0xfd I:/ESP32/msys32/esp/hello_world/build/esp_ringbuf\libesp_ringbuf.a(ringbuf.o)
                                0x111 (size before relaxing)
                0x400855c8                xRingbufferSend
 *fill*         0x400856c5        0x3 
 .text.xRingbufferReceive
                0x400856c8       0x45 I:/ESP32/msys32/esp/hello_world/build/esp_ringbuf\libesp_ringbuf.a(ringbuf.o)
                0x400856c8                xRingbufferReceive
 *fill*         0x4008570d        0x3 
 .text.vRingbufferReturnItem
                0x40085710       0x5a I:/ESP32/msys32/esp/hello_world/build/esp_ringbuf\libesp_ringbuf.a(ringbuf.o)
                                 0x66 (size before relaxing)
                0x40085710                vRingbufferReturnItem
 *fill*         0x4008576a        0x2 
 .text.prvCheckItemAvail
                0x4008576c       0x34 I:/ESP32/msys32/esp/hello_world/build/esp_ringbuf\libesp_ringbuf.a(ringbuf.o)
 *fill*         0x400857a0        0x0 
 *fill*         0x400857a0        0x0 
 *libfreertos.a:(.literal .text .literal.* .text.*)
 .text.prvResetNextTaskUnblockTime
                0x400857a0       0x34 I:/ESP32/msys32/esp/hello_world/build/freertos\libfreertos.a(tasks.o)
 .text.prvDeleteTLS
                0x400857d4       0x40 I:/ESP32/msys32/esp/hello_world/build/freertos\libfreertos.a(tasks.o)
 .text.prvInitialiseNewTask
                0x40085814       0xc4 I:/ESP32/msys32/esp/hello_world/build/freertos\libfreertos.a(tasks.o)
                                 0xd0 (size before relaxing)
 .text.prvInitialiseTaskLists
                0x400858d8       0x5a I:/ESP32/msys32/esp/hello_world/build/freertos\libfreertos.a(tasks.o)
                                 0x6e (size before relaxing)
 *fill*         0x40085932        0x2 
 .text.prvDeleteTCB
                0x40085934       0x56 I:/ESP32/msys32/esp/hello_world/build/freertos\libfreertos.a(tasks.o)
                                 0x5d (size before relaxing)
 *fill*         0x4008598a        0x2 
 .text.prvAddCurrentTaskToDelayedList
                0x4008598c       0x66 I:/ESP32/msys32/esp/hello_world/build/freertos\libfreertos.a(tasks.o)
                                 0x6a (size before relaxing)
 *fill*         0x400859f2        0x2 
 .text.taskYIELD_OTHER_CORE
                0x400859f4       0x53 I:/ESP32/msys32/esp/hello_world/build/freertos\libfreertos.a(tasks.o)
                0x400859f4                taskYIELD_OTHER_CORE
 *fill*         0x40085a47        0x1 
 .text.vTaskSuspendAll
                0x40085a48       0x26 I:/ESP32/msys32/esp/hello_world/build/freertos\libfreertos.a(tasks.o)
                0x40085a48                vTaskSuspendAll
 *fill*         0x40085a6e        0x2 
 .text.xTaskGetIdleTaskHandleForCPU
                0x40085a70       0x2a I:/ESP32/msys32/esp/hello_world/build/freertos\libfreertos.a(tasks.o)
                                 0x2e (size before relaxing)
                0x40085a70                xTaskGetIdleTaskHandleForCPU
 *fill*         0x40085a9a        0x2 
 .text.vTaskSwitchContext
                0x40085a9c      0x27e I:/ESP32/msys32/esp/hello_world/build/freertos\libfreertos.a(tasks.o)
                                0x28a (size before relaxing)
                0x40085a9c                vTaskSwitchContext
 *fill*         0x40085d1a        0x2 
 .text.vTaskSetTimeOutState
                0x40085d1c       0x34 I:/ESP32/msys32/esp/hello_world/build/freertos\libfreertos.a(tasks.o)
                0x40085d1c                vTaskSetTimeOutState
 .text.xTaskGetCurrentTaskHandle
                0x40085d50       0x1f I:/ESP32/msys32/esp/hello_world/build/freertos\libfreertos.a(tasks.o)
                0x40085d50                xTaskGetCurrentTaskHandle
 *fill*         0x40085d6f        0x1 
 .text.__getreent
                0x40085d70       0x19 I:/ESP32/msys32/esp/hello_world/build/freertos\libfreertos.a(tasks.o)
                0x40085d70                __getreent
 *fill*         0x40085d89        0x3 
 .text.pcTaskGetTaskName
                0x40085d8c       0x2a I:/ESP32/msys32/esp/hello_world/build/freertos\libfreertos.a(tasks.o)
                                 0x2d (size before relaxing)
                0x40085d8c                pcTaskGetTaskName
 *fill*         0x40085db6        0x2 
 .text.xTaskGetAffinity
                0x40085db8       0x10 I:/ESP32/msys32/esp/hello_world/build/freertos\libfreertos.a(tasks.o)
                                 0x13 (size before relaxing)
                0x40085db8                xTaskGetAffinity
 *fill*         0x40085dc8        0x0 
 .text.xTaskGetCurrentTaskHandleForCPU
                0x40085dc8       0x18 I:/ESP32/msys32/esp/hello_world/build/freertos\libfreertos.a(tasks.o)
                0x40085dc8                xTaskGetCurrentTaskHandleForCPU
 .text.xTaskGetSchedulerState
                0x40085de0       0x37 I:/ESP32/msys32/esp/hello_world/build/freertos\libfreertos.a(tasks.o)
                0x40085de0                xTaskGetSchedulerState
 *fill*         0x40085e17        0x1 
 .text.vTaskEnterCritical
                0x40085e18       0xac I:/ESP32/msys32/esp/hello_world/build/freertos\libfreertos.a(tasks.o)
                                 0xb3 (size before relaxing)
                0x40085e18                vTaskEnterCritical
 *fill*         0x40085ec4        0x0 
 .text.vTaskExitCritical
                0x40085ec4       0x77 I:/ESP32/msys32/esp/hello_world/build/freertos\libfreertos.a(tasks.o)
                0x40085ec4                vTaskExitCritical
 *fill*         0x40085f3b        0x1 
 .text.prvAddNewTaskToReadyList
                0x40085f3c      0x160 I:/ESP32/msys32/esp/hello_world/build/freertos\libfreertos.a(tasks.o)
                                0x173 (size before relaxing)
 *fill*         0x4008609c        0x0 
 .text.xTaskCreatePinnedToCore
                0x4008609c       0x6e I:/ESP32/msys32/esp/hello_world/build/freertos\libfreertos.a(tasks.o)
                                 0x76 (size before relaxing)
                0x4008609c                xTaskCreatePinnedToCore
 *fill*         0x4008610a        0x2 
 .text.vTaskStartScheduler
                0x4008610c       0x77 I:/ESP32/msys32/esp/hello_world/build/freertos\libfreertos.a(tasks.o)
                                 0x82 (size before relaxing)
                0x4008610c                vTaskStartScheduler
 *fill*         0x40086183        0x1 
 .text.vTaskDelete
                0x40086184      0x10a I:/ESP32/msys32/esp/hello_world/build/freertos\libfreertos.a(tasks.o)
                                0x122 (size before relaxing)
                0x40086184                vTaskDelete
 *fill*         0x4008628e        0x2 
 .text.vTaskDelay
                0x40086290       0x70 I:/ESP32/msys32/esp/hello_world/build/freertos\libfreertos.a(tasks.o)
                                 0x80 (size before relaxing)
                0x40086290                vTaskDelay
 .text.uxTaskPriorityGet
                0x40086300       0x1c I:/ESP32/msys32/esp/hello_world/build/freertos\libfreertos.a(tasks.o)
                                 0x23 (size before relaxing)
                0x40086300                uxTaskPriorityGet
 *fill*         0x4008631c        0x0 
 .text.vTaskPrioritySet
                0x4008631c      0x12d I:/ESP32/msys32/esp/hello_world/build/freertos\libfreertos.a(tasks.o)
                                0x143 (size before relaxing)
                0x4008631c                vTaskPrioritySet
 *fill*         0x40086449        0x3 
 .text.prvCheckTasksWaitingTermination
                0x4008644c       0xbe I:/ESP32/msys32/esp/hello_world/build/freertos\libfreertos.a(tasks.o)
                                 0xc6 (size before relaxing)
 *fill*         0x4008650a        0x2 
 .text.prvIdleTask
                0x4008650c        0xc I:/ESP32/msys32/esp/hello_world/build/freertos\libfreertos.a(tasks.o)
                                 0x12 (size before relaxing)
 *fill*         0x40086518        0x0 
 .text.xTaskGetTickCount
                0x40086518       0x1c I:/ESP32/msys32/esp/hello_world/build/freertos\libfreertos.a(tasks.o)
                                 0x20 (size before relaxing)
                0x40086518                xTaskGetTickCount
 .text.xTaskIncrementTick
                0x40086534      0x1b2 I:/ESP32/msys32/esp/hello_world/build/freertos\libfreertos.a(tasks.o)
                                0x1ce (size before relaxing)
                0x40086534                xTaskIncrementTick
 *fill*         0x400866e6        0x2 
 .text.xTaskResumeAll
                0x400866e8      0x177 I:/ESP32/msys32/esp/hello_world/build/freertos\libfreertos.a(tasks.o)
                                0x186 (size before relaxing)
                0x400866e8                xTaskResumeAll
 *fill*         0x4008685f        0x1 
 .text.vTaskPlaceOnEventList
                0x40086860       0x83 I:/ESP32/msys32/esp/hello_world/build/freertos\libfreertos.a(tasks.o)
                                 0x97 (size before relaxing)
                0x40086860                vTaskPlaceOnEventList
 *fill*         0x400868e3        0x1 
 .text.vTaskPlaceOnEventListRestricted
                0x400868e4       0x5b I:/ESP32/msys32/esp/hello_world/build/freertos\libfreertos.a(tasks.o)
                                 0x6f (size before relaxing)
                0x400868e4                vTaskPlaceOnEventListRestricted
 *fill*         0x4008693f        0x1 
 .text.xTaskRemoveFromEventList
                0x40086940      0x134 I:/ESP32/msys32/esp/hello_world/build/freertos\libfreertos.a(tasks.o)
                                0x143 (size before relaxing)
                0x40086940                xTaskRemoveFromEventList
 *fill*         0x40086a74        0x0 
 .text.xTaskCheckForTimeOut
                0x40086a74       0x89 I:/ESP32/msys32/esp/hello_world/build/freertos\libfreertos.a(tasks.o)
                                 0x94 (size before relaxing)
                0x40086a74                xTaskCheckForTimeOut
 *fill*         0x40086afd        0x3 
 .text.vTaskPriorityInherit
                0x40086b00       0xc4 I:/ESP32/msys32/esp/hello_world/build/freertos\libfreertos.a(tasks.o)
                                 0xdb (size before relaxing)
                0x40086b00                vTaskPriorityInherit
 *fill*         0x40086bc4        0x0 
 .text.xTaskPriorityDisinherit
                0x40086bc4       0x97 I:/ESP32/msys32/esp/hello_world/build/freertos\libfreertos.a(tasks.o)
                                 0xaa (size before relaxing)
                0x40086bc4                xTaskPriorityDisinherit
 *fill*         0x40086c5b        0x1 
 .text.pvTaskIncrementMutexHeldCount
                0x40086c5c       0x50 I:/ESP32/msys32/esp/hello_world/build/freertos\libfreertos.a(tasks.o)
                                 0x54 (size before relaxing)
                0x40086c5c                pvTaskIncrementMutexHeldCount
 .text.vPortTaskWrapper
                0x40086cac       0x26 I:/ESP32/msys32/esp/hello_world/build/freertos\libfreertos.a(port.o)
                                 0x32 (size before relaxing)
 *fill*         0x40086cd2        0x2 
 .text.pxPortInitialiseStack
                0x40086cd4       0x8a I:/ESP32/msys32/esp/hello_world/build/freertos\libfreertos.a(port.o)
                0x40086cd4                pxPortInitialiseStack
 *fill*         0x40086d5e        0x2 
 .text.xPortStartScheduler
                0x40086d60       0x22 I:/ESP32/msys32/esp/hello_world/build/freertos\libfreertos.a(port.o)
                                 0x2e (size before relaxing)
                0x40086d60                xPortStartScheduler
 *fill*         0x40086d82        0x2 
 .text.xPortSysTickHandler
                0x40086d84       0x10 I:/ESP32/msys32/esp/hello_world/build/freertos\libfreertos.a(port.o)
                                 0x16 (size before relaxing)
                0x40086d84                xPortSysTickHandler
 *fill*         0x40086d94        0x0 
 .text.vPortYieldOtherCore
                0x40086d94        0xa I:/ESP32/msys32/esp/hello_world/build/freertos\libfreertos.a(port.o)
                                  0xe (size before relaxing)
                0x40086d94                vPortYieldOtherCore
 *fill*         0x40086d9e        0x2 
 .text.vPortReleaseTaskMPUSettings
                0x40086da0        0xa I:/ESP32/msys32/esp/hello_world/build/freertos\libfreertos.a(port.o)
                                  0xe (size before relaxing)
                0x40086da0                vPortReleaseTaskMPUSettings
 *fill*         0x40086daa        0x2 
 .text.xPortInIsrContext
                0x40086dac       0x26 I:/ESP32/msys32/esp/hello_world/build/freertos\libfreertos.a(port.o)
                0x40086dac                xPortInIsrContext
 *fill*         0x40086dd2        0x2 
 .text.vPortCPUInitializeMutex
                0x40086dd4        0xe I:/ESP32/msys32/esp/hello_world/build/freertos\libfreertos.a(port.o)
                0x40086dd4                vPortCPUInitializeMutex
 *fill*         0x40086de2        0x2 
 .text.vPortCPUAcquireMutex
                0x40086de4       0x81 I:/ESP32/msys32/esp/hello_world/build/freertos\libfreertos.a(port.o)
                                 0x88 (size before relaxing)
                0x40086de4                vPortCPUAcquireMutex
 *fill*         0x40086e65        0x3 
 .text.vPortCPUReleaseMutex
                0x40086e68       0x4d I:/ESP32/msys32/esp/hello_world/build/freertos\libfreertos.a(port.o)
                                 0x50 (size before relaxing)
                0x40086e68                vPortCPUReleaseMutex
 *fill*         0x40086eb5        0x3 
 .text._xt_tick_divisor_init
                0x40086eb8       0x1c I:/ESP32/msys32/esp/hello_world/build/freertos\libfreertos.a(xtensa_init.o)
                                 0x1f (size before relaxing)
                0x40086eb8                _xt_tick_divisor_init
 *fill*         0x40086ed4        0x0 
 .text.prvIsQueueFull
                0x40086ed4       0x2a I:/ESP32/msys32/esp/hello_world/build/freertos\libfreertos.a(queue.o)
 *fill*         0x40086efe        0x2 
 .text.prvCopyDataToQueue
                0x40086f00       0x9e I:/ESP32/msys32/esp/hello_world/build/freertos\libfreertos.a(queue.o)
 *fill*         0x40086f9e        0x2 
 .text.prvNotifyQueueSetContainer
                0x40086fa0       0x77 I:/ESP32/msys32/esp/hello_world/build/freertos\libfreertos.a(queue.o)
                                 0x8a (size before relaxing)
 *fill*         0x40087017        0x1 
 .text.prvCopyDataFromQueue
                0x40087018       0x24 I:/ESP32/msys32/esp/hello_world/build/freertos\libfreertos.a(queue.o)
 .text.xQueueGenericReset
                0x4008703c       0x86 I:/ESP32/msys32/esp/hello_world/build/freertos\libfreertos.a(queue.o)
                                 0x96 (size before relaxing)
                0x4008703c                xQueueGenericReset
 *fill*         0x400870c2        0x2 
 .text.prvInitialiseNewQueue
                0x400870c4       0x1f I:/ESP32/msys32/esp/hello_world/build/freertos\libfreertos.a(queue.o)
                                 0x23 (size before relaxing)
 *fill*         0x400870e3        0x1 
 .text.xQueueGenericCreate
                0x400870e4       0x49 I:/ESP32/msys32/esp/hello_world/build/freertos\libfreertos.a(queue.o)
                                 0x4d (size before relaxing)
                0x400870e4                xQueueGenericCreate
 *fill*         0x4008712d        0x3 
 .text.xQueueGetMutexHolder
                0x40087130       0x23 I:/ESP32/msys32/esp/hello_world/build/freertos\libfreertos.a(queue.o)
                0x40087130                xQueueGetMutexHolder
 *fill*         0x40087153        0x1 
 .text.xQueueCreateCountingSemaphore
                0x40087154       0x66 I:/ESP32/msys32/esp/hello_world/build/freertos\libfreertos.a(queue.o)
                                 0x6a (size before relaxing)
                0x40087154                xQueueCreateCountingSemaphore
 *fill*         0x400871ba        0x2 
 .text.xQueueGenericSend
                0x400871bc      0x158 I:/ESP32/msys32/esp/hello_world/build/freertos\libfreertos.a(queue.o)
                                0x18c (size before relaxing)
                0x400871bc                xQueueGenericSend
 .text.prvInitialiseMutex
                0x40087314       0x22 I:/ESP32/msys32/esp/hello_world/build/freertos\libfreertos.a(queue.o)
                                 0x26 (size before relaxing)
 *fill*         0x40087336        0x2 
 .text.xQueueCreateMutex
                0x40087338       0x16 I:/ESP32/msys32/esp/hello_world/build/freertos\libfreertos.a(queue.o)
                                 0x1a (size before relaxing)
                0x40087338                xQueueCreateMutex
 *fill*         0x4008734e        0x2 
 .text.xQueueGiveMutexRecursive
                0x40087350       0x48 I:/ESP32/msys32/esp/hello_world/build/freertos\libfreertos.a(queue.o)
                                 0x4c (size before relaxing)
                0x40087350                xQueueGiveMutexRecursive
 .text.xQueueGenericSendFromISR
                0x40087398       0xd6 I:/ESP32/msys32/esp/hello_world/build/freertos\libfreertos.a(queue.o)
                                 0xe6 (size before relaxing)
                0x40087398                xQueueGenericSendFromISR
 *fill*         0x4008746e        0x2 
 .text.xQueueGiveFromISR
                0x40087470       0xb6 I:/ESP32/msys32/esp/hello_world/build/freertos\libfreertos.a(queue.o)
                                 0xc2 (size before relaxing)
                0x40087470                xQueueGiveFromISR
 *fill*         0x40087526        0x2 
 .text.xQueueGenericReceive
                0x40087528      0x144 I:/ESP32/msys32/esp/hello_world/build/freertos\libfreertos.a(queue.o)
                                0x178 (size before relaxing)
                0x40087528                xQueueGenericReceive
 .text.xQueueTakeMutexRecursive
                0x4008766c       0x51 I:/ESP32/msys32/esp/hello_world/build/freertos\libfreertos.a(queue.o)
                0x4008766c                xQueueTakeMutexRecursive
 *fill*         0x400876bd        0x3 
 .text.xQueueReceiveFromISR
                0x400876c0       0x96 I:/ESP32/msys32/esp/hello_world/build/freertos\libfreertos.a(queue.o)
                                 0xa6 (size before relaxing)
                0x400876c0                xQueueReceiveFromISR
 *fill*         0x40087756        0x2 
 .text.uxQueueMessagesWaiting
                0x40087758       0x30 I:/ESP32/msys32/esp/hello_world/build/freertos\libfreertos.a(queue.o)
                                 0x38 (size before relaxing)
                0x40087758                uxQueueMessagesWaiting
 .text.vQueueDelete
                0x40087788       0x28 I:/ESP32/msys32/esp/hello_world/build/freertos\libfreertos.a(queue.o)
                0x40087788                vQueueDelete
 .text.vQueueWaitForMessageRestricted
                0x400877b0       0x23 I:/ESP32/msys32/esp/hello_world/build/freertos\libfreertos.a(queue.o)
                                 0x2a (size before relaxing)
                0x400877b0                vQueueWaitForMessageRestricted
 *fill*         0x400877d3        0x1 
 .text.xt_unhandled_interrupt
                0x400877d4       0x16 I:/ESP32/msys32/esp/hello_world/build/freertos\libfreertos.a(xtensa_intr.o)
                0x400877d4                xt_unhandled_interrupt
 *fill*         0x400877ea        0x2 
 .text.xt_set_interrupt_handler
                0x400877ec       0x46 I:/ESP32/msys32/esp/hello_world/build/freertos\libfreertos.a(xtensa_intr.o)
                0x400877ec                xt_set_interrupt_handler
 *fill*         0x40087832        0x2 
 .text          0x40087834      0x1d0 I:/ESP32/msys32/esp/hello_world/build/freertos\libfreertos.a(portasm.o)
                0x40087834                _frxt_setup_switch
                0x4008784c                _frxt_int_enter
                0x40087894                _frxt_int_exit
                0x400878e4                _frxt_timer_int
                0x4008790c                _frxt_tick_timer_init
                0x40087924                _frxt_dispatch
                0x4008796c                vPortYield
                0x400879b8                vPortYieldFromInt
                0x400879d8                _frxt_task_coproc_state
 .text          0x40087a04      0x12b I:/ESP32/msys32/esp/hello_world/build/freertos\libfreertos.a(xtensa_context.o)
                0x40087a04                _xt_context_save
                0x40087a6c                _xt_context_restore
                0x40087ab0                _xt_coproc_init
                0x40087ac4                _xt_coproc_release
                0x40087af0                _xt_coproc_savecs
                0x40087b10                _xt_coproc_restorecs
 *fill*         0x40087b2f        0x1 
 .text.prvGetNextExpireTime
                0x40087b30       0x20 I:/ESP32/msys32/esp/hello_world/build/freertos\libfreertos.a(timers.o)
 .text.prvInsertTimerInActiveList
                0x40087b50       0x50 I:/ESP32/msys32/esp/hello_world/build/freertos\libfreertos.a(timers.o)
                                 0x54 (size before relaxing)
 .text.prvCheckForValidListAndQueue
                0x40087ba0       0x66 I:/ESP32/msys32/esp/hello_world/build/freertos\libfreertos.a(timers.o)
                                 0x7e (size before relaxing)
 *fill*         0x40087c06        0x2 
 .text.xTimerCreateTimerTask
                0x40087c08       0x48 I:/ESP32/msys32/esp/hello_world/build/freertos\libfreertos.a(timers.o)
                                 0x4c (size before relaxing)
                0x40087c08                xTimerCreateTimerTask
 .text.xTimerGenericCommand
                0x40087c50       0x55 I:/ESP32/msys32/esp/hello_world/build/freertos\libfreertos.a(timers.o)
                                 0x5d (size before relaxing)
                0x40087c50                xTimerGenericCommand
 *fill*         0x40087ca5        0x3 
 .text.prvSwitchTimerLists
                0x40087ca8       0x76 I:/ESP32/msys32/esp/hello_world/build/freertos\libfreertos.a(timers.o)
                                 0x82 (size before relaxing)
 *fill*         0x40087d1e        0x2 
 .text.prvSampleTimeNow
                0x40087d20       0x2b I:/ESP32/msys32/esp/hello_world/build/freertos\libfreertos.a(timers.o)
                                 0x2f (size before relaxing)
 *fill*         0x40087d4b        0x1 
 .text.prvProcessExpiredTimer
                0x40087d4c       0x53 I:/ESP32/msys32/esp/hello_world/build/freertos\libfreertos.a(timers.o)
                                 0x5f (size before relaxing)
 *fill*         0x40087d9f        0x1 
 .text.prvProcessTimerOrBlockTask
                0x40087da0       0x58 I:/ESP32/msys32/esp/hello_world/build/freertos\libfreertos.a(timers.o)
                                 0x6c (size before relaxing)
 .text.prvProcessReceivedCommands
                0x40087df8       0xd6 I:/ESP32/msys32/esp/hello_world/build/freertos\libfreertos.a(timers.o)
                                 0xe6 (size before relaxing)
 *fill*         0x40087ece        0x2 
 .text.prvTimerTask
                0x40087ed0       0x15 I:/ESP32/msys32/esp/hello_world/build/freertos\libfreertos.a(timers.o)
                                 0x1d (size before relaxing)
 *fill*         0x40087ee5        0x0 
 *fill*         0x40087ee5        0x0 
 *fill*         0x40087ee5        0x0 
 *fill*         0x40087ee5        0x0 
 *fill*         0x40087ee5        0x0 
 *fill*         0x40087ee5        0x0 
 *fill*         0x40087ee5        0x0 
 *fill*         0x40087ee5        0x0 
 *fill*         0x40087ee5        0x0 
 *fill*         0x40087ee5        0x0 
 *fill*         0x40087ee5        0x0 
 *fill*         0x40087ee5        0x0 
 *fill*         0x40087ee5        0x0 
 *fill*         0x40087ee5        0x0 
 *fill*         0x40087ee5        0x0 
 *fill*         0x40087ee5        0x0 
 *fill*         0x40087ee5        0x0 
 *fill*         0x40087ee5        0x0 
 *fill*         0x40087ee5        0x0 
 *fill*         0x40087ee5        0x0 
 *fill*         0x40087ee5        0x0 
 *fill*         0x40087ee5        0x0 
 *fill*         0x40087ee5        0x0 
 *fill*         0x40087ee5        0x0 
 *fill*         0x40087ee5        0x0 
 *fill*         0x40087ee5        0x0 
 *fill*         0x40087ee5        0x0 
 *fill*         0x40087ee5        0x0 
 *fill*         0x40087ee5        0x0 
 *fill*         0x40087ee5        0x0 
 *fill*         0x40087ee5        0x0 
 *fill*         0x40087ee5        0x0 
 *fill*         0x40087ee5        0x0 
 *fill*         0x40087ee5        0x0 
 *fill*         0x40087ee5        0x3 
 .text.vPortStoreTaskMPUSettings
                0x40087ee8       0x13 I:/ESP32/msys32/esp/hello_world/build/freertos\libfreertos.a(port.o)
                0x40087ee8                vPortStoreTaskMPUSettings
 *fill*         0x40087efb        0x0 
 *fill*         0x40087efb        0x0 
 *fill*         0x40087efb        0x0 
 *fill*         0x40087efb        0x0 
 *fill*         0x40087efb        0x1 
 .text.vListInitialise
                0x40087efc       0x15 I:/ESP32/msys32/esp/hello_world/build/freertos\libfreertos.a(list.o)
                0x40087efc                vListInitialise
 *fill*         0x40087f11        0x3 
 .text.vListInitialiseItem
                0x40087f14        0x9 I:/ESP32/msys32/esp/hello_world/build/freertos\libfreertos.a(list.o)
                0x40087f14                vListInitialiseItem
 *fill*         0x40087f1d        0x3 
 .text.vListInsertEnd
                0x40087f20       0x1b I:/ESP32/msys32/esp/hello_world/build/freertos\libfreertos.a(list.o)
                0x40087f20                vListInsertEnd
 *fill*         0x40087f3b        0x1 
 .text.vListInsert
                0x40087f3c       0x2f I:/ESP32/msys32/esp/hello_world/build/freertos\libfreertos.a(list.o)
                0x40087f3c                vListInsert
 *fill*         0x40087f6b        0x1 
 .text.uxListRemove
                0x40087f6c       0x26 I:/ESP32/msys32/esp/hello_world/build/freertos\libfreertos.a(list.o)
                0x40087f6c                uxListRemove
 *fill*         0x40087f92        0x2 
 .text.prvIsQueueEmpty
                0x40087f94       0x12 I:/ESP32/msys32/esp/hello_world/build/freertos\libfreertos.a(queue.o)
 *fill*         0x40087fa6        0x0 
 *fill*         0x40087fa6        0x0 
 *fill*         0x40087fa6        0x0 
 *fill*         0x40087fa6        0x0 
 *fill*         0x40087fa6        0x0 
 *fill*         0x40087fa6        0x0 
 *fill*         0x40087fa6        0x0 
 *fill*         0x40087fa6        0x0 
 *fill*         0x40087fa6        0x0 
 *fill*         0x40087fa6        0x0 
 *fill*         0x40087fa6        0x0 
 *fill*         0x40087fa6        0x0 
 *fill*         0x40087fa6        0x0 
 *fill*         0x40087fa6        0x0 
 *fill*         0x40087fa6        0x0 
 *fill*         0x40087fa6        0x0 
 *fill*         0x40087fa6        0x0 
 *fill*         0x40087fa6        0x0 
 *fill*         0x40087fa6        0x2 
 .text          0x40087fa8       0x33 I:/ESP32/msys32/esp/hello_world/build/freertos\libfreertos.a(xtensa_intr_asm.o)
                0x40087fa8                xt_ints_on
                0x40087fc0                xt_ints_off
 *fill*         0x40087fdb        0x0 
 *fill*         0x40087fdb        0x0 
 *fill*         0x40087fdb        0x0 
 *fill*         0x40087fdb        0x0 
 *fill*         0x40087fdb        0x0 
 *fill*         0x40087fdb        0x0 
 *fill*         0x40087fdb        0x0 
 *libheap.a:multi_heap.*(.literal .text .literal.* .text.*)
 *fill*         0x40087fdb        0x1 
 .text.get_prev_free_block
                0x40087fdc       0x68 I:/ESP32/msys32/esp/hello_world/build/heap\libheap.a(multi_heap.o)
                                 0x77 (size before relaxing)
 *fill*         0x40088044        0x0 
 .text.split_if_necessary
                0x40088044      0x138 I:/ESP32/msys32/esp/hello_world/build/heap\libheap.a(multi_heap.o)
                                0x148 (size before relaxing)
 .text.assert_valid_block
                0x4008817c       0xb0 I:/ESP32/msys32/esp/hello_world/build/heap\libheap.a(multi_heap.o)
                                 0xb4 (size before relaxing)
 .text.merge_adjacent
                0x4008822c      0x12c I:/ESP32/msys32/esp/hello_world/build/heap\libheap.a(multi_heap.o)
                                0x140 (size before relaxing)
 .text.multi_heap_get_allocated_size_impl
                0x40088358       0x38 I:/ESP32/msys32/esp/hello_world/build/heap\libheap.a(multi_heap.o)
                                 0x3c (size before relaxing)
                0x40088358                multi_heap_get_allocated_size_impl
                0x40088358                multi_heap_get_allocated_size
 .text.multi_heap_malloc_impl
                0x40088390      0x110 I:/ESP32/msys32/esp/hello_world/build/heap\libheap.a(multi_heap.o)